Archive member included to satisfy reference by file (symbol)

/Applications/STM32CubeIDE.app/Contents/Eclipse/plugins/com.st.stm32cube.ide.mcu.externaltools.gnu-tools-for-stm32.13.3.rel1.macos64_1.0.0.202411102158/tools/bin/../lib/gcc/arm-none-eabi/13.3.1/../../../../arm-none-eabi/lib/thumb/v7e-m+fp/hard/libc_nano.a(libc_a-exit.o)
                              /Applications/STM32CubeIDE.app/Contents/Eclipse/plugins/com.st.stm32cube.ide.mcu.externaltools.gnu-tools-for-stm32.13.3.rel1.macos64_1.0.0.202411102158/tools/bin/../lib/gcc/arm-none-eabi/13.3.1/../../../../arm-none-eabi/lib/thumb/v7e-m+fp/hard/crt0.o (exit)
/Applications/STM32CubeIDE.app/Contents/Eclipse/plugins/com.st.stm32cube.ide.mcu.externaltools.gnu-tools-for-stm32.13.3.rel1.macos64_1.0.0.202411102158/tools/bin/../lib/gcc/arm-none-eabi/13.3.1/../../../../arm-none-eabi/lib/thumb/v7e-m+fp/hard/libc_nano.a(libc_a-nano-vfprintf_float.o)
                              (_printf_float)
/Applications/STM32CubeIDE.app/Contents/Eclipse/plugins/com.st.stm32cube.ide.mcu.externaltools.gnu-tools-for-stm32.13.3.rel1.macos64_1.0.0.202411102158/tools/bin/../lib/gcc/arm-none-eabi/13.3.1/../../../../arm-none-eabi/lib/thumb/v7e-m+fp/hard/libc_nano.a(libc_a-nano-vfprintf_i.o)
                              /Applications/STM32CubeIDE.app/Contents/Eclipse/plugins/com.st.stm32cube.ide.mcu.externaltools.gnu-tools-for-stm32.13.3.rel1.macos64_1.0.0.202411102158/tools/bin/../lib/gcc/arm-none-eabi/13.3.1/../../../../arm-none-eabi/lib/thumb/v7e-m+fp/hard/libc_nano.a(libc_a-nano-vfprintf_float.o) (_printf_common)
/Applications/STM32CubeIDE.app/Contents/Eclipse/plugins/com.st.stm32cube.ide.mcu.externaltools.gnu-tools-for-stm32.13.3.rel1.macos64_1.0.0.202411102158/tools/bin/../lib/gcc/arm-none-eabi/13.3.1/../../../../arm-none-eabi/lib/thumb/v7e-m+fp/hard/libc_nano.a(libc_a-snprintf.o)
                              ./Core/Src/drivers_c/black_box.o (snprintf)
/Applications/STM32CubeIDE.app/Contents/Eclipse/plugins/com.st.stm32cube.ide.mcu.externaltools.gnu-tools-for-stm32.13.3.rel1.macos64_1.0.0.202411102158/tools/bin/../lib/gcc/arm-none-eabi/13.3.1/../../../../arm-none-eabi/lib/thumb/v7e-m+fp/hard/libc_nano.a(libc_a-findfp.o)
                              /Applications/STM32CubeIDE.app/Contents/Eclipse/plugins/com.st.stm32cube.ide.mcu.externaltools.gnu-tools-for-stm32.13.3.rel1.macos64_1.0.0.202411102158/tools/bin/../lib/gcc/arm-none-eabi/13.3.1/../../../../arm-none-eabi/lib/thumb/v7e-m+fp/hard/libc_nano.a(libc_a-exit.o) (__stdio_exit_handler)
/Applications/STM32CubeIDE.app/Contents/Eclipse/plugins/com.st.stm32cube.ide.mcu.externaltools.gnu-tools-for-stm32.13.3.rel1.macos64_1.0.0.202411102158/tools/bin/../lib/gcc/arm-none-eabi/13.3.1/../../../../arm-none-eabi/lib/thumb/v7e-m+fp/hard/libc_nano.a(libc_a-vsnprintf.o)
                              ./Core/Src/drivers_c/led.o (vsnprintf)
/Applications/STM32CubeIDE.app/Contents/Eclipse/plugins/com.st.stm32cube.ide.mcu.externaltools.gnu-tools-for-stm32.13.3.rel1.macos64_1.0.0.202411102158/tools/bin/../lib/gcc/arm-none-eabi/13.3.1/../../../../arm-none-eabi/lib/thumb/v7e-m+fp/hard/libc_nano.a(libc_a-fwalk.o)
                              /Applications/STM32CubeIDE.app/Contents/Eclipse/plugins/com.st.stm32cube.ide.mcu.externaltools.gnu-tools-for-stm32.13.3.rel1.macos64_1.0.0.202411102158/tools/bin/../lib/gcc/arm-none-eabi/13.3.1/../../../../arm-none-eabi/lib/thumb/v7e-m+fp/hard/libc_nano.a(libc_a-findfp.o) (_fwalk_sglue)
/Applications/STM32CubeIDE.app/Contents/Eclipse/plugins/com.st.stm32cube.ide.mcu.externaltools.gnu-tools-for-stm32.13.3.rel1.macos64_1.0.0.202411102158/tools/bin/../lib/gcc/arm-none-eabi/13.3.1/../../../../arm-none-eabi/lib/thumb/v7e-m+fp/hard/libc_nano.a(libc_a-printf.o)
                              ./Core/Src/drivers_c/black_box.o (printf)
/Applications/STM32CubeIDE.app/Contents/Eclipse/plugins/com.st.stm32cube.ide.mcu.externaltools.gnu-tools-for-stm32.13.3.rel1.macos64_1.0.0.202411102158/tools/bin/../lib/gcc/arm-none-eabi/13.3.1/../../../../arm-none-eabi/lib/thumb/v7e-m+fp/hard/libc_nano.a(libc_a-puts.o)
                              ./Core/Src/drivers_c/black_box.o (puts)
/Applications/STM32CubeIDE.app/Contents/Eclipse/plugins/com.st.stm32cube.ide.mcu.externaltools.gnu-tools-for-stm32.13.3.rel1.macos64_1.0.0.202411102158/tools/bin/../lib/gcc/arm-none-eabi/13.3.1/../../../../arm-none-eabi/lib/thumb/v7e-m+fp/hard/libc_nano.a(libc_a-memset.o)
                              /Applications/STM32CubeIDE.app/Contents/Eclipse/plugins/com.st.stm32cube.ide.mcu.externaltools.gnu-tools-for-stm32.13.3.rel1.macos64_1.0.0.202411102158/tools/bin/../lib/gcc/arm-none-eabi/13.3.1/../../../../arm-none-eabi/lib/thumb/v7e-m+fp/hard/crt0.o (memset)
/Applications/STM32CubeIDE.app/Contents/Eclipse/plugins/com.st.stm32cube.ide.mcu.externaltools.gnu-tools-for-stm32.13.3.rel1.macos64_1.0.0.202411102158/tools/bin/../lib/gcc/arm-none-eabi/13.3.1/../../../../arm-none-eabi/lib/thumb/v7e-m+fp/hard/libc_nano.a(libc_a-errno.o)
[...]
Memory Configuration

Name             Origin             Length             Attributes
RAM              0x20000000         0x00018000         xrw
RAM2             0x10000000         0x00008000         xrw
FLASH            0x08000000         0x00100000         xr
*default*        0x00000000         0xffffffff

Linker script and memory map

LOAD /Applications/STM32CubeIDE.app/Contents/Eclipse/plugins/com.st.stm32cube.ide.mcu.externaltools.gnu-tools-for-stm32.13.3.rel1.macos64_1.0.0.202411102158/tools/bin/../lib/gcc/arm-none-eabi/13.3.1/thumb/v7e-m+fp/hard/crti.o
LOAD /Applications/STM32CubeIDE.app/Contents/Eclipse/plugins/com.st.stm32cube.ide.mcu.externaltools.gnu-tools-for-stm32.13.3.rel1.macos64_1.0.0.202411102158/tools/bin/../lib/gcc/arm-none-eabi/13.3.1/thumb/v7e-m+fp/hard/crtbegin.o
LOAD /Applications/STM32CubeIDE.app/Contents/Eclipse/plugins/com.st.stm32cube.ide.mcu.externaltools.gnu-tools-for-stm32.13.3.rel1.macos64_1.0.0.202411102158/tools/bin/../lib/gcc/arm-none-eabi/13.3.1/../../../../arm-none-eabi/lib/thumb/v7e-m+fp/hard/crt0.o
LOAD ./Core/Src/drivers_c/aht21.o
LOAD ./Core/Src/drivers_c/black_box.o
LOAD ./Core/Src/drivers_c/ens160.o
LOAD ./Core/Src/drivers_c/led.o
LOAD ./Core/Src/drivers_c/ms5607.o
LOAD ./Core/Src/drivers_c/sds011.o
LOAD ./Core/Src/main.o
LOAD ./Core/Src/stm32l4xx_hal_msp.o
LOAD ./Core/Src/stm32l4xx_it.o
LOAD ./Core/Src/syscalls.o
LOAD ./Core/Src/sysmem.o
LOAD ./Core/Src/system_stm32l4xx.o
LOAD ./Core/Src/manager_c/manager.o
LOAD ./Core/Src/tools_c/global_variables.o
LOAD ./Core/Startup/startup_stm32l476rgtx.o
LOAD ./Drivers/STM32L4xx_HAL_Driver/Src/stm32l4xx_hal.o
LOAD ./Drivers/STM32L4xx_HAL_Driver/Src/stm32l4xx_hal_adc.o
LOAD ./Drivers/STM32L4xx_HAL_Driver/Src/stm32l4xx_hal_adc_ex.o
LOAD ./Drivers/STM32L4xx_HAL_Driver/Src/stm32l4xx_hal_cortex.o
LOAD ./Drivers/STM32L4xx_HAL_Driver/Src/stm32l4xx_hal_dma.o
LOAD ./Drivers/STM32L4xx_HAL_Driver/Src/stm32l4xx_hal_dma_ex.o
LOAD ./Drivers/STM32L4xx_HAL_Driver/Src/stm32l4xx_hal_exti.o
LOAD ./Drivers/STM32L4xx_HAL_Driver/Src/stm32l4xx_hal_flash.o
LOAD ./Drivers/STM32L4xx_HAL_Driver/Src/stm32l4xx_hal_flash_ex.o
LOAD ./Drivers/STM32L4xx_HAL_Driver/Src/stm32l4xx_hal_flash_ramfunc.o
LOAD ./Drivers/STM32L4xx_HAL_Driver/Src/stm32l4xx_hal_gpio.o
LOAD ./Drivers/STM32L4xx_HAL_Driver/Src/stm32l4xx_hal_i2c.o
LOAD ./Drivers/STM32L4xx_HAL_Driver/Src/stm32l4xx_hal_i2c_ex.o
LOAD ./Drivers/STM32L4xx_HAL_Driver/Src/stm32l4xx_hal_pcd.o
LOAD ./Drivers/STM32L4xx_HAL_Driver/Src/stm32l4xx_hal_pcd_ex.o
LOAD ./Drivers/STM32L4xx_HAL_Driver/Src/stm32l4xx_hal_pwr.o
LOAD ./Drivers/STM32L4xx_HAL_Driver/Src/stm32l4xx_hal_pwr_ex.o
LOAD ./Drivers/STM32L4xx_HAL_Driver/Src/stm32l4xx_hal_rcc.o
LOAD ./Drivers/STM32L4xx_HAL_Driver/Src/stm32l4xx_hal_rcc_ex.o
LOAD ./Drivers/STM32L4xx_HAL_Driver/Src/stm32l4xx_hal_spi.o
LOAD ./Drivers/STM32L4xx_HAL_Driver/Src/stm32l4xx_hal_spi_ex.o
LOAD ./Drivers/STM32L4xx_HAL_Driver/Src/stm32l4xx_hal_uart.o
LOAD ./Drivers/STM32L4xx_HAL_Driver/Src/stm32l4xx_hal_uart_ex.o
LOAD ./Drivers/STM32L4xx_HAL_Driver/Src/stm32l4xx_ll_usb.o
LOAD ./FATFS/App/fatfs.o
LOAD ./FATFS/Target/user_diskio.o
LOAD ./FATFS/Target/user_diskio_spi.o
LOAD ./Middlewares/Third_Party/FatFs/src/diskio.o
LOAD ./Middlewares/Third_Party/FatFs/src/ff.o
LOAD ./Middlewares/Third_Party/FatFs/src/ff_gen_drv.o
LOAD ./Middlewares/Third_Party/FatFs/src/option/ccsbcs.o
LOAD ./Middlewares/Third_Party/FatFs/src/option/syscall.o
START GROUP
LOAD /Applications/STM32CubeIDE.app/Contents/Eclipse/plugins/com.st.stm32cube.ide.mcu.externaltools.gnu-tools-for-stm32.13.3.rel1.macos64_1.0.0.202411102158/tools/bin/../lib/gcc/arm-none-eabi/13.3.1/../../../../arm-none-eabi/lib/thumb/v7e-m+fp/hard/libc_nano.a
LOAD /Applications/STM32CubeIDE.app/Contents/Eclipse/plugins/com.st.stm32cube.ide.mcu.externaltools.gnu-tools-for-stm32.13.3.rel1.macos64_1.0.0.202411102158/tools/bin/../lib/gcc/arm-none-eabi/13.3.1/../../../../arm-none-eabi/lib/thumb/v7e-m+fp/hard/libm.a
END GROUP
START GROUP
LOAD /Applications/STM32CubeIDE.app/Contents/Eclipse/plugins/com.st.stm32cube.ide.mcu.externaltools.gnu-tools-for-stm32.13.3.rel1.macos64_1.0.0.202411102158/tools/bin/../lib/gcc/arm-none-eabi/13.3.1/thumb/v7e-m+fp/hard/libgcc.a
LOAD /Applications/STM32CubeIDE.app/Contents/Eclipse/plugins/com.st.stm32cube.ide.mcu.externaltools.gnu-tools-for-stm32.13.3.rel1.macos64_1.0.0.202411102158/tools/bin/../lib/gcc/arm-none-eabi/13.3.1/../../../../arm-none-eabi/lib/thumb/v7e-m+fp/hard/libc_nano.a
END GROUP
START GROUP
LOAD /Applications/STM32CubeIDE.app/Contents/Eclipse/plugins/com.st.stm32cube.ide.mcu.externaltools.gnu-tools-for-stm32.13.3.rel1.macos64_1.0.0.202411102158/tools/bin/../lib/gcc/arm-none-eabi/13.3.1/thumb/v7e-m+fp/hard/libgcc.a
LOAD /Applications/STM32CubeIDE.app/Contents/Eclipse/plugins/com.st.stm32cube.ide.mcu.externaltools.gnu-tools-for-stm32.13.3.rel1.macos64_1.0.0.202411102158/tools/bin/../lib/gcc/arm-none-eabi/13.3.1/../../../../arm-none-eabi/lib/thumb/v7e-m+fp/hard/libc_nano.a
LOAD /Applications/STM32CubeIDE.app/Contents/Eclipse/plugins/com.st.stm32cube.ide.mcu.externaltools.gnu-tools-for-stm32.13.3.rel1.macos64_1.0.0.202411102158/tools/bin/../lib/gcc/arm-none-eabi/13.3.1/../../../../arm-none-eabi/lib/thumb/v7e-m+fp/hard/libnosys.a
END GROUP
START GROUP
LOAD /Applications/STM32CubeIDE.app/Contents/Eclipse/plugins/com.st.stm32cube.ide.mcu.externaltools.gnu-tools-for-stm32.13.3.rel1.macos64_1.0.0.202411102158/tools/bin/../lib/gcc/arm-none-eabi/13.3.1/thumb/v7e-m+fp/hard/libgcc.a
LOAD /Applications/STM32CubeIDE.app/Contents/Eclipse/plugins/com.st.stm32cube.ide.mcu.externaltools.gnu-tools-for-stm32.13.3.rel1.macos64_1.0.0.202411102158/tools/bin/../lib/gcc/arm-none-eabi/13.3.1/../../../../arm-none-eabi/lib/thumb/v7e-m+fp/hard/libc_nano.a
LOAD /Applications/STM32CubeIDE.app/Contents/Eclipse/plugins/com.st.stm32cube.ide.mcu.externaltools.gnu-tools-for-stm32.13.3.rel1.macos64_1.0.0.202411102158/tools/bin/../lib/gcc/arm-none-eabi/13.3.1/../../../../arm-none-eabi/lib/thumb/v7e-m+fp/hard/libnosys.a
END GROUP
LOAD /Applications/STM32CubeIDE.app/Contents/Eclipse/plugins/com.st.stm32cube.ide.mcu.externaltools.gnu-tools-for-stm32.13.3.rel1.macos64_1.0.0.202411102158/tools/bin/../lib/gcc/arm-none-eabi/13.3.1/thumb/v7e-m+fp/hard/crtend.o
LOAD /Applications/STM32CubeIDE.app/Contents/Eclipse/plugins/com.st.stm32cube.ide.mcu.externaltools.gnu-tools-for-stm32.13.3.rel1.macos64_1.0.0.202411102158/tools/bin/../lib/gcc/arm-none-eabi/13.3.1/thumb/v7e-m+fp/hard/crtn.o
                0x20018000                        _estack = (ORIGIN (RAM) + LENGTH (RAM))
                0x00000200                        _Min_Heap_Size = 0x200
                0x00000400                        _Min_Stack_Size = 0x400

.isr_vector     0x08000000      0x188
                0x08000000                        . = ALIGN (0x4)
 *(.isr_vector)
 .isr_vector    0x08000000      0x188 ./Core/Startup/startup_stm32l476rgtx.o
                0x08000000                g_pfnVectors
                0x08000188                        . = ALIGN (0x4)

.text           0x08000190    0x12cf8
                0x08000190                        . = ALIGN (0x4)
 *(.text)
 .text          0x08000190       0x40 /Applications/STM32CubeIDE.app/Contents/Eclipse/plugins/com.st.stm32cube.ide.mcu.externaltools.gnu-tools-for-stm32.13.3.rel1.macos64_1.0.0.202411102158/tools/bin/../lib/gcc/arm-none-eabi/13.3.1/thumb/v7e-m+fp/hard/crtbegin.o
 .text          0x080001d0       0xa0 /Applications/STM32CubeIDE.app/Contents/Eclipse/plugins/com.st.stm32cube.ide.mcu.externaltools.gnu-tools-for-stm32.13.3.rel1.macos64_1.0.0.202411102158/tools/bin/../lib/gcc/arm-none-eabi/13.3.1/../../../../arm-none-eabi/lib/thumb/v7e-m+fp/hard/libc_nano.a(libc_a-memchr.o)
                0x080001d0                memchr
 .text          0x08000270       0x10 /Applications/STM32CubeIDE.app/Contents/Eclipse/plugins/com.st.stm32cube.ide.mcu.externaltools.gnu-tools-for-stm32.13.3.rel1.macos64_1.0.0.202411102158/tools/bin/../lib/gcc/arm-none-eabi/13.3.1/../../../../arm-none-eabi/lib/thumb/v7e-m+fp/hard/libc_nano.a(libc_a-strlen.o)
                0x08000270                strlen
 .text          0x08000280      0x378 /Applications/STM32CubeIDE.app/Contents/Eclipse/plugins/com.st.stm32cube.ide.mcu.externaltools.gnu-tools-for-stm32.13.3.rel1.macos64_1.0.0.202411102158/tools/bin/../lib/gcc/arm-none-eabi/13.3.1/thumb/v7e-m+fp/hard/libgcc.a(_arm_addsubdf3.o)
                0x08000280                __aeabi_drsub
                0x08000288                __subdf3
                0x08000288                __aeabi_dsub
                0x0800028c                __aeabi_dadd
                0x0800028c                __adddf3
                0x08000504                __aeabi_ui2d
                0x08000504                __floatunsidf
                0x08000524                __floatsidf
                0x08000524                __aeabi_i2d
                0x08000548                __extendsfdf2
                0x08000548                __aeabi_f2d
                0x0800058c                __aeabi_ul2d
                0x0800058c                __floatundidf
                0x0800059c                __aeabi_l2d
                0x0800059c                __floatdidf
 .text          0x080005f8      0x424 /Applications/STM32CubeIDE.app/Contents/Eclipse/plugins/com.st.stm32cube.ide.mcu.externaltools.gnu-tools-for-stm32.13.3.rel1.macos64_1.0.0.202411102158/tools/bin/../lib/gcc/arm-none-eabi/13.3.1/thumb/v7e-m+fp/hard/libgcc.a(_arm_muldivdf3.o)
                0x080005f8                __aeabi_dmul
                0x080005f8                __muldf3
                0x0800084c                __aeabi_ddiv
                0x0800084c                __divdf3
 .text          0x08000a1c      0x110 /Applications/STM32CubeIDE.app/Contents/Eclipse/plugins/com.st.stm32cube.ide.mcu.externaltools.gnu-tools-for-stm32.13.3.rel1.macos64_1.0.0.202411102158/tools/bin/../lib/gcc/arm-none-eabi/13.3.1/thumb/v7e-m+fp/hard/libgcc.a(_arm_cmpdf2.o)
                0x08000a1c                __gedf2
                0x08000a1c                __gtdf2
                0x08000a24                __ledf2
                0x08000a24                __ltdf2
                0x08000a2c                __cmpdf2
                0x08000a2c                __eqdf2
                0x08000a2c                __nedf2
                0x08000aa8                __aeabi_cdrcmple
                0x08000ab8                __aeabi_cdcmple
                0x08000ab8                __aeabi_cdcmpeq
                0x08000ac8                __aeabi_dcmpeq
                0x08000adc                __aeabi_dcmplt
                0x08000af0                __aeabi_dcmple
                0x08000b04                __aeabi_dcmpge
                0x08000b18                __aeabi_dcmpgt
 .text          0x08000b2c       0x2c /Applications/STM32CubeIDE.app/Contents/Eclipse/plugins/com.st.stm32cube.ide.mcu.externaltools.gnu-tools-for-stm32.13.3.rel1.macos64_1.0.0.202411102158/tools/bin/../lib/gcc/arm-none-eabi/13.3.1/thumb/v7e-m+fp/hard/libgcc.a(_arm_unorddf2.o)
                0x08000b2c                __aeabi_dcmpun
                0x08000b2c                __unorddf2
 .text          0x08000b58       0x50 /Applications/STM32CubeIDE.app/Contents/Eclipse/plugins/com.st.stm32cube.ide.mcu.externaltools.gnu-tools-for-stm32.13.3.rel1.macos64_1.0.0.202411102158/tools/bin/../lib/gcc/arm-none-eabi/13.3.1/thumb/v7e-m+fp/hard/libgcc.a(_arm_fixdfsi.o)
                0x08000b58                __fixdfsi
                0x08000b58                __aeabi_d2iz
 .text          0x08000ba8       0xa0 /Applications/STM32CubeIDE.app/Contents/Eclipse/plugins/com.st.stm32cube.ide.mcu.externaltools.gnu-tools-for-stm32.13.3.rel1.macos64_1.0.0.202411102158/tools/bin/../lib/gcc/arm-none-eabi/13.3.1/thumb/v7e-m+fp/hard/libgcc.a(_arm_truncdfsf2.o)
                0x08000ba8                __aeabi_d2f
                0x08000ba8                __truncdfsf2
 .text          0x08000c48       0x30 /Applications/STM32CubeIDE.app/Contents/Eclipse/plugins/com.st.stm32cube.ide.mcu.externaltools.gnu-tools-for-stm32.13.3.rel1.macos64_1.0.0.202411102158/tools/bin/../lib/gcc/arm-none-eabi/13.3.1/thumb/v7e-m+fp/hard/libgcc.a(_aeabi_uldivmod.o)
                0x08000c48                __aeabi_uldivmod
 .text          0x08000c78      0x2f8 /Applications/STM32CubeIDE.app/Contents/Eclipse/plugins/com.st.stm32cube.ide.mcu.externaltools.gnu-tools-for-stm32.13.3.rel1.macos64_1.0.0.202411102158/tools/bin/../lib/gcc/arm-none-eabi/13.3.1/thumb/v7e-m+fp/hard/libgcc.a(_udivmoddi4.o)
                0x08000c78                __udivmoddi4
 .text          0x08000f70        0x4 /Applications/STM32CubeIDE.app/Contents/Eclipse/plugins/com.st.stm32cube.ide.mcu.externaltools.gnu-tools-for-stm32.13.3.rel1.macos64_1.0.0.202411102158/tools/bin/../lib/gcc/arm-none-eabi/13.3.1/thumb/v7e-m+fp/hard/libgcc.a(_dvmd_tls.o)
                0x08000f70                __aeabi_ldiv0
                0x08000f70                __aeabi_idiv0
 *(.text*)
 .text.AHT21_init
                0x08000f74       0x94 ./Core/Src/drivers_c/aht21.o
                0x08000f74                AHT21_init
 .text.AHT21_Read_Humidity
                0x08001008       0x8c ./Core/Src/drivers_c/aht21.o
                0x08001008                AHT21_Read_Humidity
 .text.AHT21_Read_Temperature
                0x08001094       0x90 ./Core/Src/drivers_c/aht21.o
                0x08001094                AHT21_Read_Temperature
 .text.get_next_available_filename
                0x08001124       0x58 ./Core/Src/drivers_c/black_box.o
 .text.file_exists
                0x0800117c       0x5a ./Core/Src/drivers_c/black_box.o
                0x0800117c                file_exists
 *fill*         0x080011d6        0x2 
 .text.mount_sd_card
                0x080011d8       0x48 ./Core/Src/drivers_c/black_box.o
                0x080011d8                mount_sd_card
 .text.unmount_sd_card
                0x08001220       0x34 ./Core/Src/drivers_c/black_box.o
                0x08001220                unmount_sd_card
 .text.check_free_space
                0x08001254       0xc4 ./Core/Src/drivers_c/black_box.o
                0x08001254                check_free_space
 .text.ensure_file_with_header
                0x08001318       0x6c ./Core/Src/drivers_c/black_box.o
 .text.black_box_init
                0x08001384       0x5c ./Core/Src/drivers_c/black_box.o
                0x08001384                black_box_init
 .text.black_box_flush_all
                0x080013e0       0x4c ./Core/Src/drivers_c/black_box.o
                0x080013e0                black_box_flush_all
 .text.log_event
                0x0800142c      0x184 ./Core/Src/drivers_c/black_box.o
                0x0800142c                log_event
 .text.log_telemetry
                0x080015b0      0x2f4 ./Core/Src/drivers_c/black_box.o
                0x080015b0                log_telemetry
 .text.ENS160_ReadRegister
                0x080018a4       0x48 ./Core/Src/drivers_c/ens160.o
                0x080018a4                ENS160_ReadRegister
 .text.ENS160_WriteRegister
                0x080018ec       0x48 ./Core/Src/drivers_c/ens160.o
                0x080018ec                ENS160_WriteRegister
 .text.ENS160_Init
                0x08001934       0x44 ./Core/Src/drivers_c/ens160.o
                0x08001934                ENS160_Init
 .text.ENS160_SoftwareReset
                0x08001978       0x34 ./Core/Src/drivers_c/ens160.o
                0x08001978                ENS160_SoftwareReset
 .text.ENS160_SetMode
                0x080019ac       0x32 ./Core/Src/drivers_c/ens160.o
                0x080019ac                ENS160_SetMode
 .text.ENS160_ReadData
                0x080019de       0xba ./Core/Src/drivers_c/ens160.o
                0x080019de                ENS160_ReadData
 .text.log_print
                0x08001a98       0x50 ./Core/Src/drivers_c/led.o
 .text.LED_SetOK
                0x08001ae8       0x48 ./Core/Src/drivers_c/led.o
                0x08001ae8                LED_SetOK
 .text.LED_SetError
                0x08001b30       0x48 ./Core/Src/drivers_c/led.o
                0x08001b30                LED_SetError
 .text.LED_SetState
                0x08001b78       0xcc ./Core/Src/drivers_c/led.o
                0x08001b78                LED_SetState
 .text.kalman_filter
                0x08001c44       0xb8 ./Core/Src/drivers_c/ms5607.o
                0x08001c44                kalman_filter
 *fill*         0x08001cfc        0x4 
 .text.calculate_altitude
                0x08001d00       0xa8 ./Core/Src/drivers_c/ms5607.o
                0x08001d00                calculate_altitude
 .text.MS5607PromRead
                0x08001da8       0xa0 ./Core/Src/drivers_c/ms5607.o
                0x08001da8                MS5607PromRead
 .text.MS5607UncompensatedRead
                0x08001e48       0xf4 ./Core/Src/drivers_c/ms5607.o
                0x08001e48                MS5607UncompensatedRead
 .text.MS5607Convert
                0x08001f3c      0x590 ./Core/Src/drivers_c/ms5607.o
                0x08001f3c                MS5607Convert
 .text.MS5607Update
                0x080024cc       0x20 ./Core/Src/drivers_c/ms5607.o
                0x080024cc                MS5607Update
 .text.MS5607GetTemperatureC
                0x080024ec       0x30 ./Core/Src/drivers_c/ms5607.o
                0x080024ec                MS5607GetTemperatureC
 .text.MS5607GetPressurePa
                0x0800251c       0x20 ./Core/Src/drivers_c/ms5607.o
                0x0800251c                MS5607GetPressurePa
 .text.enableCSB
                0x0800253c       0x14 ./Core/Src/drivers_c/ms5607.o
                0x0800253c                enableCSB
 .text.disableCSB
                0x08002550       0x14 ./Core/Src/drivers_c/ms5607.o
                0x08002550                disableCSB
 .text.MS5607SetTemperatureOSR
                0x08002564       0x20 ./Core/Src/drivers_c/ms5607.o
                0x08002564                MS5607SetTemperatureOSR
 .text.MS5607SetPressureOSR
                0x08002584       0x20 ./Core/Src/drivers_c/ms5607.o
                0x08002584                MS5607SetPressureOSR
 .text.MS5607_ReadData
                0x080025a4       0x88 ./Core/Src/drivers_c/ms5607.o
                0x080025a4                MS5607_ReadData
 .text.get_average_pressure
                0x0800262c       0x5c ./Core/Src/drivers_c/ms5607.o
                0x0800262c                get_average_pressure
 .text.MS5607_Init
                0x08002688       0x7c ./Core/Src/drivers_c/ms5607.o
                0x08002688                MS5607_Init
 .text.sdsInit  0x08002704       0x58 ./Core/Src/drivers_c/sds011.o
                0x08002704                sdsInit
 .text.sdsGetPm2_5
                0x0800275c       0x18 ./Core/Src/drivers_c/sds011.o
                0x0800275c                sdsGetPm2_5
 .text.sdsGetPm10
                0x08002774       0x18 ./Core/Src/drivers_c/sds011.o
                0x08002774                sdsGetPm10
 .text.sds_uart_RxCpltCallback
                0x0800278c       0x74 ./Core/Src/drivers_c/sds011.o
                0x0800278c                sds_uart_RxCpltCallback
 .text.ITM_SendChar
                0x08002800       0x4e ./Core/Src/main.o
 .text._write   0x0800284e       0x3c ./Core/Src/main.o
                0x0800284e                _write
 *fill*         0x0800288a        0x2 
 .text.main     0x0800288c       0x98 ./Core/Src/main.o
                0x0800288c                main
 .text.SystemClock_Config
                0x08002924       0xa4 ./Core/Src/main.o
                0x08002924                SystemClock_Config
 .text.PeriphCommonClock_Config
                0x080029c8       0x5c ./Core/Src/main.o
                0x080029c8                PeriphCommonClock_Config
 .text.MX_ADC1_Init
                0x08002a24       0xf0 ./Core/Src/main.o
 .text.MX_I2C1_Init
                0x08002b14       0x80 ./Core/Src/main.o
 .text.MX_I2C2_Init
                0x08002b94       0x80 ./Core/Src/main.o
 .text.MX_I2C3_Init
                0x08002c14       0x80 ./Core/Src/main.o
 .text.MX_SPI1_Init
                0x08002c94       0x7c ./Core/Src/main.o
 .text.MX_SPI2_Init
                0x08002d10       0x7c ./Core/Src/main.o
 .text.MX_SPI3_Init
                0x08002d8c       0x7c ./Core/Src/main.o
 .text.MX_UART4_Init
                0x08002e08       0x60 ./Core/Src/main.o
 .text.MX_UART5_Init
                0x08002e68       0x60 ./Core/Src/main.o
 .text.MX_USART1_UART_Init
                0x08002ec8       0x60 ./Core/Src/main.o
 .text.MX_USART2_UART_Init
                0x08002f28       0x60 ./Core/Src/main.o
 .text.MX_USART3_UART_Init
                0x08002f88       0x60 ./Core/Src/main.o
 .text.MX_USB_OTG_FS_PCD_Init
                0x08002fe8       0x5c ./Core/Src/main.o
 .text.MX_DMA_Init
                0x08003044       0x3c ./Core/Src/main.o
 .text.MX_GPIO_Init
                0x08003080      0x120 ./Core/Src/main.o
 .text.Error_Handler
                0x080031a0        0xc ./Core/Src/main.o
                0x080031a0                Error_Handler
 .text.HAL_MspInit
                0x080031ac       0x48 ./Core/Src/stm32l4xx_hal_msp.o
                0x080031ac                HAL_MspInit
 .text.HAL_ADC_MspInit
                0x080031f4       0xdc ./Core/Src/stm32l4xx_hal_msp.o
                0x080031f4                HAL_ADC_MspInit
 .text.HAL_I2C_MspInit
                0x080032d0      0x1d0 ./Core/Src/stm32l4xx_hal_msp.o
                0x080032d0                HAL_I2C_MspInit
 .text.HAL_SPI_MspInit
                0x080034a0      0x1c4 ./Core/Src/stm32l4xx_hal_msp.o
                0x080034a0                HAL_SPI_MspInit
 .text.HAL_UART_MspInit
                0x08003664      0x33c ./Core/Src/stm32l4xx_hal_msp.o
                0x08003664                HAL_UART_MspInit
 .text.HAL_PCD_MspInit
                0x080039a0       0xbc ./Core/Src/stm32l4xx_hal_msp.o
                0x080039a0                HAL_PCD_MspInit
 .text.SDTimer_Handler
                0x08003a5c       0x48 ./Core/Src/stm32l4xx_it.o
                0x08003a5c                SDTimer_Handler
 .text.NMI_Handler
                0x08003aa4        0x8 ./Core/Src/stm32l4xx_it.o
                0x08003aa4                NMI_Handler
 .text.HardFault_Handler
                0x08003aac        0x8 ./Core/Src/stm32l4xx_it.o
                0x08003aac                HardFault_Handler
 .text.MemManage_Handler
                0x08003ab4        0x8 ./Core/Src/stm32l4xx_it.o
                0x08003ab4                MemManage_Handler
 .text.BusFault_Handler
                0x08003abc        0x8 ./Core/Src/stm32l4xx_it.o
                0x08003abc                BusFault_Handler
 .text.UsageFault_Handler
                0x08003ac4        0x8 ./Core/Src/stm32l4xx_it.o
                0x08003ac4                UsageFault_Handler
 .text.SVC_Handler
                0x08003acc        0xe ./Core/Src/stm32l4xx_it.o
                0x08003acc                SVC_Handler
 .text.DebugMon_Handler
                0x08003ada        0xe ./Core/Src/stm32l4xx_it.o
                0x08003ada                DebugMon_Handler
 .text.PendSV_Handler
                0x08003ae8        0xe ./Core/Src/stm32l4xx_it.o
                0x08003ae8                PendSV_Handler
 *fill*         0x08003af6        0x2 
 .text.SysTick_Handler
                0x08003af8       0x34 ./Core/Src/stm32l4xx_it.o
                0x08003af8                SysTick_Handler
 .text.DMA1_Channel1_IRQHandler
                0x08003b2c       0x14 ./Core/Src/stm32l4xx_it.o
                0x08003b2c                DMA1_Channel1_IRQHandler
 .text.USART3_IRQHandler
                0x08003b40       0x14 ./Core/Src/stm32l4xx_it.o
                0x08003b40                USART3_IRQHandler
 .text._getpid  0x08003b54       0x10 ./Core/Src/syscalls.o
                0x08003b54                _getpid
 .text._kill    0x08003b64       0x20 ./Core/Src/syscalls.o
                0x08003b64                _kill
 .text._exit    0x08003b84       0x16 ./Core/Src/syscalls.o
                0x08003b84                _exit
 .text._read    0x08003b9a       0x3a ./Core/Src/syscalls.o
                0x08003b9a                _read
 .text._close   0x08003bd4       0x18 ./Core/Src/syscalls.o
                0x08003bd4                _close
 .text._fstat   0x08003bec       0x20 ./Core/Src/syscalls.o
                0x08003bec                _fstat
 .text._isatty  0x08003c0c       0x16 ./Core/Src/syscalls.o
                0x08003c0c                _isatty
 .text._lseek   0x08003c22       0x1a ./Core/Src/syscalls.o
                0x08003c22                _lseek
 .text._sbrk    0x08003c3c       0x6c ./Core/Src/sysmem.o
                0x08003c3c                _sbrk
 .text.SystemInit
                0x08003ca8       0x24 ./Core/Src/system_stm32l4xx.o
                0x08003ca8                SystemInit
 .text.log_print
                0x08003ccc       0x50 ./Core/Src/manager_c/manager.o
 .text.HAL_UART_RxCpltCallback
                0x08003d1c       0x20 ./Core/Src/manager_c/manager.o
                0x08003d1c                HAL_UART_RxCpltCallback
 .text.init_phase
                0x08003d3c      0x18c ./Core/Src/manager_c/manager.o
                0x08003d3c                init_phase
 .text.pre_flight_phase
                0x08003ec8      0x21c ./Core/Src/manager_c/manager.o
                0x08003ec8                pre_flight_phase
 .text.flight_phase
                0x080040e4      0x284 ./Core/Src/manager_c/manager.o
                0x080040e4                flight_phase
 .text.post_flight_phase
                0x08004368       0x6c ./Core/Src/manager_c/manager.o
                0x08004368                post_flight_phase
 .text.Manager_Main
                0x080043d4       0x74 ./Core/Src/manager_c/manager.o
                0x080043d4                Manager_Main
 .text.get_timestamp
                0x08004448       0x90 ./Core/Src/manager_c/manager.o
                0x08004448                get_timestamp
 .text.Reset_Handler
                0x080044d8       0x50 ./Core/Startup/startup_stm32l476rgtx.o
                0x080044d8                Reset_Handler
 .text.Default_Handler
                0x08004528        0x2 ./Core/Startup/startup_stm32l476rgtx.o
                0x08004528                TIM1_BRK_TIM15_IRQHandler
                0x08004528                EXTI2_IRQHandler
                0x08004528                TIM8_TRG_COM_IRQHandler
                0x08004528                TIM8_CC_IRQHandler
                0x08004528                TIM1_CC_IRQHandler
                0x08004528                TSC_IRQHandler
                0x08004528                TAMP_STAMP_IRQHandler
                0x08004528                EXTI3_IRQHandler
                0x08004528                LPTIM2_IRQHandler
                0x08004528                DFSDM1_FLT1_IRQHandler
                0x08004528                I2C3_ER_IRQHandler
                0x08004528                DFSDM1_FLT2_IRQHandler
                0x08004528                EXTI0_IRQHandler
                0x08004528                I2C2_EV_IRQHandler
                0x08004528                CAN1_RX0_IRQHandler
                0x08004528                FPU_IRQHandler
                0x08004528                TIM1_UP_TIM16_IRQHandler
                0x08004528                ADC1_2_IRQHandler
                0x08004528                SPI1_IRQHandler
                0x08004528                TIM6_DAC_IRQHandler
                0x08004528                TIM8_UP_IRQHandler
                0x08004528                DMA2_Channel2_IRQHandler
                0x08004528                DMA1_Channel4_IRQHandler
                0x08004528                SAI2_IRQHandler
                0x08004528                DFSDM1_FLT3_IRQHandler
                0x08004528                DMA1_Channel7_IRQHandler
                0x08004528                CAN1_RX1_IRQHandler
                0x08004528                LCD_IRQHandler
                0x08004528                UART5_IRQHandler
                0x08004528                ADC3_IRQHandler
                0x08004528                TIM4_IRQHandler
                0x08004528                DMA2_Channel1_IRQHandler
                0x08004528                QUADSPI_IRQHandler
                0x08004528                I2C1_EV_IRQHandler
                0x08004528                DMA1_Channel6_IRQHandler
                0x08004528                UART4_IRQHandler
                0x08004528                DMA2_Channel4_IRQHandler
                0x08004528                TIM3_IRQHandler
                0x08004528                RCC_IRQHandler
                0x08004528                Default_Handler
                0x08004528                DMA2_Channel7_IRQHandler
                0x08004528                EXTI15_10_IRQHandler
                0x08004528                TIM7_IRQHandler
                0x08004528                SDMMC1_IRQHandler
                0x08004528                TIM5_IRQHandler
                0x08004528                I2C3_EV_IRQHandler
                0x08004528                EXTI9_5_IRQHandler
                0x08004528                RTC_WKUP_IRQHandler
                0x08004528                PVD_PVM_IRQHandler
                0x08004528                SPI2_IRQHandler
                0x08004528                CAN1_TX_IRQHandler
                0x08004528                DMA2_Channel5_IRQHandler
                0x08004528                DMA1_Channel5_IRQHandler
                0x08004528                EXTI4_IRQHandler
                0x08004528                RNG_IRQHandler
                0x08004528                TIM1_TRG_COM_TIM17_IRQHandler
                0x08004528                DMA1_Channel3_IRQHandler
                0x08004528                COMP_IRQHandler
                0x08004528                WWDG_IRQHandler
                0x08004528                LPUART1_IRQHandler
                0x08004528                DMA2_Channel6_IRQHandler
                0x08004528                TIM2_IRQHandler
                0x08004528                EXTI1_IRQHandler
                0x08004528                USART2_IRQHandler
                0x08004528                DFSDM1_FLT0_IRQHandler
                0x08004528                I2C2_ER_IRQHandler
                0x08004528                DMA1_Channel2_IRQHandler
                0x08004528                TIM8_BRK_IRQHandler
                0x08004528                CAN1_SCE_IRQHandler
                0x08004528                FLASH_IRQHandler
                0x08004528                USART1_IRQHandler
                0x08004528                OTG_FS_IRQHandler
                0x08004528                SPI3_IRQHandler
                0x08004528                I2C1_ER_IRQHandler
                0x08004528                FMC_IRQHandler
                0x08004528                SWPMI1_IRQHandler
                0x08004528                LPTIM1_IRQHandler
                0x08004528                SAI1_IRQHandler
                0x08004528                DMA2_Channel3_IRQHandler
                0x08004528                RTC_Alarm_IRQHandler
 .text.HAL_Init
                0x0800452a       0x30 ./Drivers/STM32L4xx_HAL_Driver/Src/stm32l4xx_hal.o
                0x0800452a                HAL_Init
 *fill*         0x0800455a        0x2 
 .text.HAL_InitTick
                0x0800455c       0x78 ./Drivers/STM32L4xx_HAL_Driver/Src/stm32l4xx_hal.o
                0x0800455c                HAL_InitTick
 .text.HAL_IncTick
                0x080045d4       0x28 ./Drivers/STM32L4xx_HAL_Driver/Src/stm32l4xx_hal.o
                0x080045d4                HAL_IncTick
 .text.HAL_GetTick
                0x080045fc       0x18 ./Drivers/STM32L4xx_HAL_Driver/Src/stm32l4xx_hal.o
                0x080045fc                HAL_GetTick
 .text.HAL_Delay
                0x08004614       0x48 ./Drivers/STM32L4xx_HAL_Driver/Src/stm32l4xx_hal.o
                0x08004614                HAL_Delay
 .text.LL_ADC_SetCommonClock
                0x0800465c       0x26 ./Drivers/STM32L4xx_HAL_Driver/Src/stm32l4xx_hal_adc.o
 .text.LL_ADC_SetCommonPathInternalCh
                0x08004682       0x26 ./Drivers/STM32L4xx_HAL_Driver/Src/stm32l4xx_hal_adc.o
 .text.LL_ADC_GetCommonPathInternalCh
                0x080046a8       0x1c ./Drivers/STM32L4xx_HAL_Driver/Src/stm32l4xx_hal_adc.o
 .text.LL_ADC_SetOffset
                0x080046c4       0x48 ./Drivers/STM32L4xx_HAL_Driver/Src/stm32l4xx_hal_adc.o
 .text.LL_ADC_GetOffsetChannel
                0x0800470c       0x2c ./Drivers/STM32L4xx_HAL_Driver/Src/stm32l4xx_hal_adc.o
 .text.LL_ADC_SetOffsetState
                0x08004738       0x36 ./Drivers/STM32L4xx_HAL_Driver/Src/stm32l4xx_hal_adc.o
 .text.LL_ADC_REG_SetSequencerRanks
                0x0800476e       0x58 ./Drivers/STM32L4xx_HAL_Driver/Src/stm32l4xx_hal_adc.o
 .text.LL_ADC_SetChannelSamplingTime
                0x080047c6       0x56 ./Drivers/STM32L4xx_HAL_Driver/Src/stm32l4xx_hal_adc.o
 .text.LL_ADC_SetChannelSingleDiff
                0x0800481c       0x48 ./Drivers/STM32L4xx_HAL_Driver/Src/stm32l4xx_hal_adc.o
 .text.LL_ADC_DisableDeepPowerDown
                0x08004864       0x24 ./Drivers/STM32L4xx_HAL_Driver/Src/stm32l4xx_hal_adc.o
 .text.LL_ADC_IsDeepPowerDownEnabled
                0x08004888       0x28 ./Drivers/STM32L4xx_HAL_Driver/Src/stm32l4xx_hal_adc.o
 .text.LL_ADC_EnableInternalRegulator
                0x080048b0       0x28 ./Drivers/STM32L4xx_HAL_Driver/Src/stm32l4xx_hal_adc.o
 .text.LL_ADC_IsInternalRegulatorEnabled
                0x080048d8       0x28 ./Drivers/STM32L4xx_HAL_Driver/Src/stm32l4xx_hal_adc.o
 .text.LL_ADC_IsEnabled
                0x08004900       0x26 ./Drivers/STM32L4xx_HAL_Driver/Src/stm32l4xx_hal_adc.o
 .text.LL_ADC_REG_IsConversionOngoing
                0x08004926       0x26 ./Drivers/STM32L4xx_HAL_Driver/Src/stm32l4xx_hal_adc.o
 .text.LL_ADC_INJ_IsConversionOngoing
                0x0800494c       0x26 ./Drivers/STM32L4xx_HAL_Driver/Src/stm32l4xx_hal_adc.o
 *fill*         0x08004972        0x2 
 .text.HAL_ADC_Init
                0x08004974      0x2a0 ./Drivers/STM32L4xx_HAL_Driver/Src/stm32l4xx_hal_adc.o
                0x08004974                HAL_ADC_Init
 .text.HAL_ADC_ConfigChannel
                0x08004c14      0x7e4 ./Drivers/STM32L4xx_HAL_Driver/Src/stm32l4xx_hal_adc.o
                0x08004c14                HAL_ADC_ConfigChannel
 .text.LL_ADC_IsEnabled
                0x080053f8       0x26 ./Drivers/STM32L4xx_HAL_Driver/Src/stm32l4xx_hal_adc_ex.o
 .text.LL_ADC_REG_IsConversionOngoing
                0x0800541e       0x26 ./Drivers/STM32L4xx_HAL_Driver/Src/stm32l4xx_hal_adc_ex.o
 .text.HAL_ADCEx_MultiModeConfigChannel
                0x08005444      0x160 ./Drivers/STM32L4xx_HAL_Driver/Src/stm32l4xx_hal_adc_ex.o
                0x08005444                HAL_ADCEx_MultiModeConfigChannel
 .text.__NVIC_SetPriorityGrouping
                0x080055a4       0x48 ./Drivers/STM32L4xx_HAL_Driver/Src/stm32l4xx_hal_cortex.o
 .text.__NVIC_GetPriorityGrouping
                0x080055ec       0x1c ./Drivers/STM32L4xx_HAL_Driver/Src/stm32l4xx_hal_cortex.o
 .text.__NVIC_EnableIRQ
                0x08005608       0x3c ./Drivers/STM32L4xx_HAL_Driver/Src/stm32l4xx_hal_cortex.o
 .text.__NVIC_SetPriority
                0x08005644       0x54 ./Drivers/STM32L4xx_HAL_Driver/Src/stm32l4xx_hal_cortex.o
 .text.NVIC_EncodePriority
                0x08005698       0x66 ./Drivers/STM32L4xx_HAL_Driver/Src/stm32l4xx_hal_cortex.o
 *fill*         0x080056fe        0x2 
 .text.SysTick_Config
                0x08005700       0x44 ./Drivers/STM32L4xx_HAL_Driver/Src/stm32l4xx_hal_cortex.o
 .text.HAL_NVIC_SetPriorityGrouping
                0x08005744       0x16 ./Drivers/STM32L4xx_HAL_Driver/Src/stm32l4xx_hal_cortex.o
                0x08005744                HAL_NVIC_SetPriorityGrouping
 .text.HAL_NVIC_SetPriority
                0x0800575a       0x38 ./Drivers/STM32L4xx_HAL_Driver/Src/stm32l4xx_hal_cortex.o
                0x0800575a                HAL_NVIC_SetPriority
 .text.HAL_NVIC_EnableIRQ
                0x08005792       0x1c ./Drivers/STM32L4xx_HAL_Driver/Src/stm32l4xx_hal_cortex.o
                0x08005792                HAL_NVIC_EnableIRQ
 .text.HAL_SYSTICK_Config
                0x080057ae       0x18 ./Drivers/STM32L4xx_HAL_Driver/Src/stm32l4xx_hal_cortex.o
                0x080057ae                HAL_SYSTICK_Config
 *fill*         0x080057c6        0x2 
 .text.HAL_DMA_Init
                0x080057c8      0x170 ./Drivers/STM32L4xx_HAL_Driver/Src/stm32l4xx_hal_dma.o
                0x080057c8                HAL_DMA_Init
 .text.HAL_DMA_Abort
                0x08005938       0x7c ./Drivers/STM32L4xx_HAL_Driver/Src/stm32l4xx_hal_dma.o
                0x08005938                HAL_DMA_Abort
 .text.HAL_DMA_Abort_IT
                0x080059b4       0x82 ./Drivers/STM32L4xx_HAL_Driver/Src/stm32l4xx_hal_dma.o
                0x080059b4                HAL_DMA_Abort_IT
 .text.HAL_DMA_IRQHandler
                0x08005a36      0x15e ./Drivers/STM32L4xx_HAL_Driver/Src/stm32l4xx_hal_dma.o
                0x08005a36                HAL_DMA_IRQHandler
 .text.HAL_GPIO_Init
                0x08005b94      0x354 ./Drivers/STM32L4xx_HAL_Driver/Src/stm32l4xx_hal_gpio.o
                0x08005b94                HAL_GPIO_Init
 .text.HAL_GPIO_WritePin
                0x08005ee8       0x30 ./Drivers/STM32L4xx_HAL_Driver/Src/stm32l4xx_hal_gpio.o
                0x08005ee8                HAL_GPIO_WritePin
 .text.HAL_I2C_Init
                0x08005f18      0x136 ./Drivers/STM32L4xx_HAL_Driver/Src/stm32l4xx_hal_i2c.o
                0x08005f18                HAL_I2C_Init
 *fill*         0x0800604e        0x2 
 .text.HAL_I2C_Master_Transmit
                0x08006050      0x230 ./Drivers/STM32L4xx_HAL_Driver/Src/stm32l4xx_hal_i2c.o
                0x08006050                HAL_I2C_Master_Transmit
 .text.HAL_I2C_Master_Receive
                0x08006280      0x1ec ./Drivers/STM32L4xx_HAL_Driver/Src/stm32l4xx_hal_i2c.o
                0x08006280                HAL_I2C_Master_Receive
 .text.HAL_I2C_Mem_Write
                0x0800646c      0x228 ./Drivers/STM32L4xx_HAL_Driver/Src/stm32l4xx_hal_i2c.o
                0x0800646c                HAL_I2C_Mem_Write
 .text.HAL_I2C_Mem_Read
                0x08006694      0x234 ./Drivers/STM32L4xx_HAL_Driver/Src/stm32l4xx_hal_i2c.o
                0x08006694                HAL_I2C_Mem_Read
 .text.HAL_I2C_IsDeviceReady
                0x080068c8      0x1d8 ./Drivers/STM32L4xx_HAL_Driver/Src/stm32l4xx_hal_i2c.o
                0x080068c8                HAL_I2C_IsDeviceReady
 .text.I2C_RequestMemoryWrite
                0x08006aa0       0xa8 ./Drivers/STM32L4xx_HAL_Driver/Src/stm32l4xx_hal_i2c.o
 .text.I2C_RequestMemoryRead
                0x08006b48       0xa8 ./Drivers/STM32L4xx_HAL_Driver/Src/stm32l4xx_hal_i2c.o
 .text.I2C_Flush_TXDR
                0x08006bf0       0x48 ./Drivers/STM32L4xx_HAL_Driver/Src/stm32l4xx_hal_i2c.o
 .text.I2C_WaitOnFlagUntilTimeout
                0x08006c38       0xb2 ./Drivers/STM32L4xx_HAL_Driver/Src/stm32l4xx_hal_i2c.o
 .text.I2C_WaitOnTXISFlagUntilTimeout
                0x08006cea       0x8e ./Drivers/STM32L4xx_HAL_Driver/Src/stm32l4xx_hal_i2c.o
 .text.I2C_WaitOnSTOPFlagUntilTimeout
                0x08006d78       0x86 ./Drivers/STM32L4xx_HAL_Driver/Src/stm32l4xx_hal_i2c.o
 *fill*         0x08006dfe        0x2 
 .text.I2C_WaitOnRXNEFlagUntilTimeout
                0x08006e00      0x118 ./Drivers/STM32L4xx_HAL_Driver/Src/stm32l4xx_hal_i2c.o
 .text.I2C_IsErrorOccurred
                0x08006f18      0x1c0 ./Drivers/STM32L4xx_HAL_Driver/Src/stm32l4xx_hal_i2c.o
 .text.I2C_TransferConfig
                0x080070d8       0x64 ./Drivers/STM32L4xx_HAL_Driver/Src/stm32l4xx_hal_i2c.o
 .text.HAL_I2CEx_ConfigAnalogFilter
                0x0800713c       0x96 ./Drivers/STM32L4xx_HAL_Driver/Src/stm32l4xx_hal_i2c_ex.o
                0x0800713c                HAL_I2CEx_ConfigAnalogFilter
 .text.HAL_I2CEx_ConfigDigitalFilter
                0x080071d2       0x98 ./Drivers/STM32L4xx_HAL_Driver/Src/stm32l4xx_hal_i2c_ex.o
                0x080071d2                HAL_I2CEx_ConfigDigitalFilter
 .text.HAL_PCD_Init
                0x0800726a      0x21e ./Drivers/STM32L4xx_HAL_Driver/Src/stm32l4xx_hal_pcd.o
                0x0800726a                HAL_PCD_Init
 .text.HAL_PCDEx_ActivateLPM
                0x08007488       0x48 ./Drivers/STM32L4xx_HAL_Driver/Src/stm32l4xx_hal_pcd_ex.o
                0x08007488                HAL_PCDEx_ActivateLPM
 .text.HAL_PWREx_GetVoltageRange
                0x080074d0       0x1c ./Drivers/STM32L4xx_HAL_Driver/Src/stm32l4xx_hal_pwr_ex.o
                0x080074d0                HAL_PWREx_GetVoltageRange
 .text.HAL_PWREx_ControlVoltageScaling
                0x080074ec       0xac ./Drivers/STM32L4xx_HAL_Driver/Src/stm32l4xx_hal_pwr_ex.o
                0x080074ec                HAL_PWREx_ControlVoltageScaling
 .text.HAL_PWREx_EnableVddUSB
                0x08007598       0x20 ./Drivers/STM32L4xx_HAL_Driver/Src/stm32l4xx_hal_pwr_ex.o
                0x08007598                HAL_PWREx_EnableVddUSB
 .text.HAL_RCC_OscConfig
                0x080075b8      0x7b8 ./Drivers/STM32L4xx_HAL_Driver/Src/stm32l4xx_hal_rcc.o
                0x080075b8                HAL_RCC_OscConfig
 .text.HAL_RCC_ClockConfig
                0x08007d70      0x200 ./Drivers/STM32L4xx_HAL_Driver/Src/stm32l4xx_hal_rcc.o
                0x08007d70                HAL_RCC_ClockConfig
 .text.HAL_RCC_GetSysClockFreq
                0x08007f70      0x118 ./Drivers/STM32L4xx_HAL_Driver/Src/stm32l4xx_hal_rcc.o
                0x08007f70                HAL_RCC_GetSysClockFreq
 .text.HAL_RCC_GetHCLKFreq
                0x08008088       0x18 ./Drivers/STM32L4xx_HAL_Driver/Src/stm32l4xx_hal_rcc.o
                0x08008088                HAL_RCC_GetHCLKFreq
 .text.HAL_RCC_GetPCLK1Freq
                0x080080a0       0x2c ./Drivers/STM32L4xx_HAL_Driver/Src/stm32l4xx_hal_rcc.o
                0x080080a0                HAL_RCC_GetPCLK1Freq
 .text.HAL_RCC_GetPCLK2Freq
                0x080080cc       0x2c ./Drivers/STM32L4xx_HAL_Driver/Src/stm32l4xx_hal_rcc.o
                0x080080cc                HAL_RCC_GetPCLK2Freq
 .text.RCC_SetFlashLatencyFromMSIRange
                0x080080f8       0xc0 ./Drivers/STM32L4xx_HAL_Driver/Src/stm32l4xx_hal_rcc.o
 .text.HAL_RCCEx_PeriphCLKConfig
                0x080081b8      0x5d4 ./Drivers/STM32L4xx_HAL_Driver/Src/stm32l4xx_hal_rcc_ex.o
                0x080081b8                HAL_RCCEx_PeriphCLKConfig
 .text.RCCEx_PLLSAI1_Config
                0x0800878c      0x1e8 ./Drivers/STM32L4xx_HAL_Driver/Src/stm32l4xx_hal_rcc_ex.o
 .text.RCCEx_PLLSAI2_Config
                0x08008974      0x1bc ./Drivers/STM32L4xx_HAL_Driver/Src/stm32l4xx_hal_rcc_ex.o
 .text.HAL_SPI_Init
                0x08008b30      0x146 ./Drivers/STM32L4xx_HAL_Driver/Src/stm32l4xx_hal_spi.o
                0x08008b30                HAL_SPI_Init
 .text.HAL_SPI_Transmit
                0x08008c76      0x2ec ./Drivers/STM32L4xx_HAL_Driver/Src/stm32l4xx_hal_spi.o
                0x08008c76                HAL_SPI_Transmit
 .text.HAL_SPI_Receive
                0x08008f62      0x270 ./Drivers/STM32L4xx_HAL_Driver/Src/stm32l4xx_hal_spi.o
                0x08008f62                HAL_SPI_Receive
 .text.HAL_SPI_TransmitReceive
                0x080091d2      0x43e ./Drivers/STM32L4xx_HAL_Driver/Src/stm32l4xx_hal_spi.o
                0x080091d2                HAL_SPI_TransmitReceive
 .text.SPI_WaitFlagStateUntilTimeout
                0x08009610      0x110 ./Drivers/STM32L4xx_HAL_Driver/Src/stm32l4xx_hal_spi.o
 .text.SPI_WaitFifoStateUntilTimeout
                0x08009720      0x12c ./Drivers/STM32L4xx_HAL_Driver/Src/stm32l4xx_hal_spi.o
 .text.SPI_EndRxTransaction
                0x0800984c       0xb0 ./Drivers/STM32L4xx_HAL_Driver/Src/stm32l4xx_hal_spi.o
 .text.SPI_EndRxTxTransaction
                0x080098fc       0x8c ./Drivers/STM32L4xx_HAL_Driver/Src/stm32l4xx_hal_spi.o
 .text.HAL_UART_Init
                0x08009988       0x9c ./Drivers/STM32L4xx_HAL_Driver/Src/stm32l4xx_hal_uart.o
                0x08009988                HAL_UART_Init
 .text.HAL_UART_Transmit
                0x08009a24      0x112 ./Drivers/STM32L4xx_HAL_Driver/Src/stm32l4xx_hal_uart.o
                0x08009a24                HAL_UART_Transmit
 *fill*         0x08009b36        0x2 
 .text.HAL_UART_Receive_IT
                0x08009b38       0x98 ./Drivers/STM32L4xx_HAL_Driver/Src/stm32l4xx_hal_uart.o
                0x08009b38                HAL_UART_Receive_IT
 .text.HAL_UART_IRQHandler
                0x08009bd0      0x60c ./Drivers/STM32L4xx_HAL_Driver/Src/stm32l4xx_hal_uart.o
                0x08009bd0                HAL_UART_IRQHandler
 .text.HAL_UART_TxCpltCallback
                0x0800a1dc       0x14 ./Drivers/STM32L4xx_HAL_Driver/Src/stm32l4xx_hal_uart.o
                0x0800a1dc                HAL_UART_TxCpltCallback
 .text.HAL_UART_ErrorCallback
                0x0800a1f0       0x14 ./Drivers/STM32L4xx_HAL_Driver/Src/stm32l4xx_hal_uart.o
                0x0800a1f0                HAL_UART_ErrorCallback
 .text.HAL_UARTEx_RxEventCallback
                0x0800a204       0x18 ./Drivers/STM32L4xx_HAL_Driver/Src/stm32l4xx_hal_uart.o
                0x0800a204                HAL_UARTEx_RxEventCallback
 .text.UART_SetConfig
                0x0800a21c      0x570 ./Drivers/STM32L4xx_HAL_Driver/Src/stm32l4xx_hal_uart.o
                0x0800a21c                UART_SetConfig
 .text.UART_AdvFeatureConfig
                0x0800a78c      0x144 ./Drivers/STM32L4xx_HAL_Driver/Src/stm32l4xx_hal_uart.o
                0x0800a78c                UART_AdvFeatureConfig
 .text.UART_CheckIdleState
                0x0800a8d0      0x150 ./Drivers/STM32L4xx_HAL_Driver/Src/stm32l4xx_hal_uart.o
                0x0800a8d0                UART_CheckIdleState
 .text.UART_WaitOnFlagUntilTimeout
                0x0800aa20       0xda ./Drivers/STM32L4xx_HAL_Driver/Src/stm32l4xx_hal_uart.o
                0x0800aa20                UART_WaitOnFlagUntilTimeout
 *fill*         0x0800aafa        0x2 
 .text.UART_Start_Receive_IT
                0x0800aafc      0x18c ./Drivers/STM32L4xx_HAL_Driver/Src/stm32l4xx_hal_uart.o
                0x0800aafc                UART_Start_Receive_IT
 .text.UART_EndRxTransfer
                0x0800ac88       0xc8 ./Drivers/STM32L4xx_HAL_Driver/Src/stm32l4xx_hal_uart.o
 .text.UART_DMAAbortOnError
                0x0800ad50       0x2c ./Drivers/STM32L4xx_HAL_Driver/Src/stm32l4xx_hal_uart.o
 .text.UART_EndTransmit_IT
                0x0800ad7c       0x54 ./Drivers/STM32L4xx_HAL_Driver/Src/stm32l4xx_hal_uart.o
 .text.UART_RxISR_8BIT
                0x0800add0      0x1bc ./Drivers/STM32L4xx_HAL_Driver/Src/stm32l4xx_hal_uart.o
 .text.UART_RxISR_16BIT
                0x0800af8c      0x1bc ./Drivers/STM32L4xx_HAL_Driver/Src/stm32l4xx_hal_uart.o
 .text.HAL_UARTEx_WakeupCallback
                0x0800b148       0x14 ./Drivers/STM32L4xx_HAL_Driver/Src/stm32l4xx_hal_uart_ex.o
                0x0800b148                HAL_UARTEx_WakeupCallback
 .text.USB_CoreInit
                0x0800b15c       0x5a ./Drivers/STM32L4xx_HAL_Driver/Src/stm32l4xx_ll_usb.o
                0x0800b15c                USB_CoreInit
 .text.USB_DisableGlobalInt
                0x0800b1b6       0x22 ./Drivers/STM32L4xx_HAL_Driver/Src/stm32l4xx_ll_usb.o
                0x0800b1b6                USB_DisableGlobalInt
 .text.USB_SetCurrentMode
                0x0800b1d8       0x98 ./Drivers/STM32L4xx_HAL_Driver/Src/stm32l4xx_ll_usb.o
                0x0800b1d8                USB_SetCurrentMode
 .text.USB_DevInit
                0x0800b270      0x290 ./Drivers/STM32L4xx_HAL_Driver/Src/stm32l4xx_ll_usb.o
                0x0800b270                USB_DevInit
 .text.USB_FlushTxFifo
                0x0800b500       0x64 ./Drivers/STM32L4xx_HAL_Driver/Src/stm32l4xx_ll_usb.o
                0x0800b500                USB_FlushTxFifo
 .text.USB_FlushRxFifo
                0x0800b564       0x5c ./Drivers/STM32L4xx_HAL_Driver/Src/stm32l4xx_ll_usb.o
                0x0800b564                USB_FlushRxFifo
 .text.USB_SetDevSpeed
                0x0800b5c0       0x32 ./Drivers/STM32L4xx_HAL_Driver/Src/stm32l4xx_ll_usb.o
                0x0800b5c0                USB_SetDevSpeed
 .text.USB_DevDisconnect
                0x0800b5f2       0x42 ./Drivers/STM32L4xx_HAL_Driver/Src/stm32l4xx_ll_usb.o
                0x0800b5f2                USB_DevDisconnect
 .text.USB_GetMode
                0x0800b634       0x1c ./Drivers/STM32L4xx_HAL_Driver/Src/stm32l4xx_ll_usb.o
                0x0800b634                USB_GetMode
 .text.USB_CoreReset
                0x0800b650       0x62 ./Drivers/STM32L4xx_HAL_Driver/Src/stm32l4xx_ll_usb.o
 *fill*         0x0800b6b2        0x2 
 .text.MX_FATFS_Init
                0x0800b6b4       0x24 ./FATFS/App/fatfs.o
                0x0800b6b4                MX_FATFS_Init
 .text.get_fattime
                0x0800b6d8       0x10 ./FATFS/App/fatfs.o
                0x0800b6d8                get_fattime
 .text.USER_initialize
                0x0800b6e8       0x1c ./FATFS/Target/user_diskio.o
                0x0800b6e8                USER_initialize
 .text.USER_status
                0x0800b704       0x1c ./FATFS/Target/user_diskio.o
                0x0800b704                USER_status
 .text.USER_read
                0x0800b720       0x26 ./FATFS/Target/user_diskio.o
                0x0800b720                USER_read
 .text.USER_write
                0x0800b746       0x26 ./FATFS/Target/user_diskio.o
                0x0800b746                USER_write
 .text.USER_ioctl
                0x0800b76c       0x26 ./FATFS/Target/user_diskio.o
                0x0800b76c                USER_ioctl
 *fill*         0x0800b792        0x2 
 .text.SPI_Timer_On
                0x0800b794       0x28 ./FATFS/Target/user_diskio_spi.o
                0x0800b794                SPI_Timer_On
 .text.SPI_Timer_Status
                0x0800b7bc       0x2c ./FATFS/Target/user_diskio_spi.o
                0x0800b7bc                SPI_Timer_Status
 .text.xchg_spi
                0x0800b7e8       0x2c ./FATFS/Target/user_diskio_spi.o
 .text.rcvr_spi_multi
                0x0800b814       0x38 ./FATFS/Target/user_diskio_spi.o
 .text.xmit_spi_multi
                0x0800b84c       0x28 ./FATFS/Target/user_diskio_spi.o
 .text.wait_ready
                0x0800b874       0x46 ./FATFS/Target/user_diskio_spi.o
 *fill*         0x0800b8ba        0x2 
 .text.despiselect
                0x0800b8bc       0x20 ./FATFS/Target/user_diskio_spi.o
 .text.spiselect
                0x0800b8dc       0x38 ./FATFS/Target/user_diskio_spi.o
 .text.rcvr_datablock
                0x0800b914       0x52 ./FATFS/Target/user_diskio_spi.o
 .text.xmit_datablock
                0x0800b966       0x64 ./FATFS/Target/user_diskio_spi.o
 .text.send_cmd
                0x0800b9ca       0xde ./FATFS/Target/user_diskio_spi.o
 .text.USER_SPI_initialize
                0x0800baa8      0x1d4 ./FATFS/Target/user_diskio_spi.o
                0x0800baa8                USER_SPI_initialize
 .text.USER_SPI_status
                0x0800bc7c       0x2c ./FATFS/Target/user_diskio_spi.o
                0x0800bc7c                USER_SPI_status
 .text.USER_SPI_read
                0x0800bca8       0xcc ./FATFS/Target/user_diskio_spi.o
                0x0800bca8                USER_SPI_read
 .text.USER_SPI_write
                0x0800bd74       0xf8 ./FATFS/Target/user_diskio_spi.o
                0x0800bd74                USER_SPI_write
 .text.USER_SPI_ioctl
                0x0800be6c      0x2e0 ./FATFS/Target/user_diskio_spi.o
                0x0800be6c                USER_SPI_ioctl
 .text.disk_status
                0x0800c14c       0x34 ./Middlewares/Third_Party/FatFs/src/diskio.o
                0x0800c14c                disk_status
 .text.disk_initialize
                0x0800c180       0x4c ./Middlewares/Third_Party/FatFs/src/diskio.o
                0x0800c180                disk_initialize
 .text.disk_read
                0x0800c1cc       0x40 ./Middlewares/Third_Party/FatFs/src/diskio.o
                0x0800c1cc                disk_read
 .text.disk_write
                0x0800c20c       0x40 ./Middlewares/Third_Party/FatFs/src/diskio.o
                0x0800c20c                disk_write
 .text.disk_ioctl
                0x0800c24c       0x3c ./Middlewares/Third_Party/FatFs/src/diskio.o
                0x0800c24c                disk_ioctl
 .text.ld_word  0x0800c288       0x32 ./Middlewares/Third_Party/FatFs/src/ff.o
 .text.ld_dword
                0x0800c2ba       0x46 ./Middlewares/Third_Party/FatFs/src/ff.o
 .text.st_word  0x0800c300       0x36 ./Middlewares/Third_Party/FatFs/src/ff.o
 .text.st_dword
                0x0800c336       0x58 ./Middlewares/Third_Party/FatFs/src/ff.o
 .text.mem_cpy  0x0800c38e       0x42 ./Middlewares/Third_Party/FatFs/src/ff.o
 .text.mem_set  0x0800c3d0       0x36 ./Middlewares/Third_Party/FatFs/src/ff.o
 .text.mem_cmp  0x0800c406       0x4e ./Middlewares/Third_Party/FatFs/src/ff.o
 .text.chk_chr  0x0800c454       0x36 ./Middlewares/Third_Party/FatFs/src/ff.o
 *fill*         0x0800c48a        0x2 
 .text.chk_lock
                0x0800c48c       0xb8 ./Middlewares/Third_Party/FatFs/src/ff.o
 .text.enq_lock
                0x0800c544       0x44 ./Middlewares/Third_Party/FatFs/src/ff.o
 .text.inc_lock
                0x0800c588      0x11c ./Middlewares/Third_Party/FatFs/src/ff.o
 .text.dec_lock
                0x0800c6a4       0x78 ./Middlewares/Third_Party/FatFs/src/ff.o
 .text.clear_lock
                0x0800c71c       0x48 ./Middlewares/Third_Party/FatFs/src/ff.o
 .text.sync_window
                0x0800c764       0x88 ./Middlewares/Third_Party/FatFs/src/ff.o
 .text.move_window
                0x0800c7ec       0x5a ./Middlewares/Third_Party/FatFs/src/ff.o
 *fill*         0x0800c846        0x2 
 .text.sync_fs  0x0800c848       0xdc ./Middlewares/Third_Party/FatFs/src/ff.o
 .text.clust2sect
                0x0800c924       0x3e ./Middlewares/Third_Party/FatFs/src/ff.o
 .text.get_fat  0x0800c962      0x14e ./Middlewares/Third_Party/FatFs/src/ff.o
 .text.put_fat  0x0800cab0      0x1d4 ./Middlewares/Third_Party/FatFs/src/ff.o
 .text.remove_chain
                0x0800cc84       0xca ./Middlewares/Third_Party/FatFs/src/ff.o
 .text.create_chain
                0x0800cd4e      0x130 ./Middlewares/Third_Party/FatFs/src/ff.o
 .text.clmt_clust
                0x0800ce7e       0x68 ./Middlewares/Third_Party/FatFs/src/ff.o
 .text.dir_sdi  0x0800cee6       0xf6 ./Middlewares/Third_Party/FatFs/src/ff.o
 .text.dir_next
                0x0800cfdc      0x18a ./Middlewares/Third_Party/FatFs/src/ff.o
 .text.dir_alloc
                0x0800d166       0x8e ./Middlewares/Third_Party/FatFs/src/ff.o
 .text.ld_clust
                0x0800d1f4       0x3e ./Middlewares/Third_Party/FatFs/src/ff.o
 .text.st_clust
                0x0800d232       0x40 ./Middlewares/Third_Party/FatFs/src/ff.o
 *fill*         0x0800d272        0x2 
 .text.cmp_lfn  0x0800d274       0xe0 ./Middlewares/Third_Party/FatFs/src/ff.o
 .text.put_lfn  0x0800d354       0xd0 ./Middlewares/Third_Party/FatFs/src/ff.o
 .text.gen_numname
                0x0800d424      0x11c ./Middlewares/Third_Party/FatFs/src/ff.o
 .text.sum_sfn  0x0800d540       0x42 ./Middlewares/Third_Party/FatFs/src/ff.o
 .text.dir_find
                0x0800d582      0x180 ./Middlewares/Third_Party/FatFs/src/ff.o
 *fill*         0x0800d702        0x2 
 .text.dir_register
                0x0800d704      0x1f0 ./Middlewares/Third_Party/FatFs/src/ff.o
 .text.get_fileinfo
                0x0800d8f4      0x1bc ./Middlewares/Third_Party/FatFs/src/ff.o
 .text.create_name
                0x0800dab0      0x370 ./Middlewares/Third_Party/FatFs/src/ff.o
 .text.follow_path
                0x0800de20       0xe2 ./Middlewares/Third_Party/FatFs/src/ff.o
 .text.get_ldnumber
                0x0800df02       0x88 ./Middlewares/Third_Party/FatFs/src/ff.o
 *fill*         0x0800df8a        0x2 
 .text.check_fs
                0x0800df8c       0xac ./Middlewares/Third_Party/FatFs/src/ff.o
 .text.find_volume
                0x0800e038      0x4a0 ./Middlewares/Third_Party/FatFs/src/ff.o
 .text.validate
                0x0800e4d8       0x6a ./Middlewares/Third_Party/FatFs/src/ff.o
 *fill*         0x0800e542        0x2 
 .text.f_mount  0x0800e544       0x8c ./Middlewares/Third_Party/FatFs/src/ff.o
                0x0800e544                f_mount
 .text.f_open   0x0800e5d0      0x374 ./Middlewares/Third_Party/FatFs/src/ff.o
                0x0800e5d0                f_open
 .text.f_write  0x0800e944      0x2ea ./Middlewares/Third_Party/FatFs/src/ff.o
                0x0800e944                f_write
 .text.f_sync   0x0800ec2e       0xfc ./Middlewares/Third_Party/FatFs/src/ff.o
                0x0800ec2e                f_sync
 .text.f_close  0x0800ed2a       0x54 ./Middlewares/Third_Party/FatFs/src/ff.o
                0x0800ed2a                f_close
 .text.f_stat   0x0800ed7e       0x72 ./Middlewares/Third_Party/FatFs/src/ff.o
                0x0800ed7e                f_stat
 .text.f_getfree
                0x0800edf0      0x16a ./Middlewares/Third_Party/FatFs/src/ff.o
                0x0800edf0                f_getfree
 *fill*         0x0800ef5a        0x2 
 .text.FATFS_LinkDriverEx
                0x0800ef5c       0x98 ./Middlewares/Third_Party/FatFs/src/ff_gen_drv.o
                0x0800ef5c                FATFS_LinkDriverEx
 .text.FATFS_LinkDriver
                0x0800eff4       0x1e ./Middlewares/Third_Party/FatFs/src/ff_gen_drv.o
                0x0800eff4                FATFS_LinkDriver
 *fill*         0x0800f012        0x2 
 .text.ff_convert
                0x0800f014       0x78 ./Middlewares/Third_Party/FatFs/src/option/ccsbcs.o
                0x0800f014                ff_convert
 .text.ff_wtoupper
                0x0800f08c      0x114 ./Middlewares/Third_Party/FatFs/src/option/ccsbcs.o
                0x0800f08c                ff_wtoupper
 .text.__cvt    0x0800f1a0       0xca /Applications/STM32CubeIDE.app/Contents/Eclipse/plugins/com.st.stm32cube.ide.mcu.externaltools.gnu-tools-for-stm32.13.3.rel1.macos64_1.0.0.202411102158/tools/bin/../lib/gcc/arm-none-eabi/13.3.1/../../../../arm-none-eabi/lib/thumb/v7e-m+fp/hard/libc_nano.a(libc_a-nano-vfprintf_float.o)
                0x0800f1a0                __cvt
 .text.__exponent
                0x0800f26a       0x74 /Applications/STM32CubeIDE.app/Contents/Eclipse/plugins/com.st.stm32cube.ide.mcu.externaltools.gnu-tools-for-stm32.13.3.rel1.macos64_1.0.0.202411102158/tools/bin/../lib/gcc/arm-none-eabi/13.3.1/../../../../arm-none-eabi/lib/thumb/v7e-m+fp/hard/libc_nano.a(libc_a-nano-vfprintf_float.o)
                0x0800f26a                __exponent
 *fill*         0x0800f2de        0x2 
 .text._printf_float
                0x0800f2e0      0x454 /Applications/STM32CubeIDE.app/Contents/Eclipse/plugins/com.st.stm32cube.ide.mcu.externaltools.gnu-tools-for-stm32.13.3.rel1.macos64_1.0.0.202411102158/tools/bin/../lib/gcc/arm-none-eabi/13.3.1/../../../../arm-none-eabi/lib/thumb/v7e-m+fp/hard/libc_nano.a(libc_a-nano-vfprintf_float.o)
                0x0800f2e0                _printf_float
 .text._printf_common
                0x0800f734       0xda /Applications/STM32CubeIDE.app/Contents/Eclipse/plugins/com.st.stm32cube.ide.mcu.externaltools.gnu-tools-for-stm32.13.3.rel1.macos64_1.0.0.202411102158/tools/bin/../lib/gcc/arm-none-eabi/13.3.1/../../../../arm-none-eabi/lib/thumb/v7e-m+fp/hard/libc_nano.a(libc_a-nano-vfprintf_i.o)
                0x0800f734                _printf_common
 *fill*         0x0800f80e        0x2 
 .text._printf_i
                0x0800f810      0x23c /Applications/STM32CubeIDE.app/Contents/Eclipse/plugins/com.st.stm32cube.ide.mcu.externaltools.gnu-tools-for-stm32.13.3.rel1.macos64_1.0.0.202411102158/tools/bin/../lib/gcc/arm-none-eabi/13.3.1/../../../../arm-none-eabi/lib/thumb/v7e-m+fp/hard/libc_nano.a(libc_a-nano-vfprintf_i.o)
                0x0800f810                _printf_i
 .text.snprintf
                0x0800fa4c       0x6c /Applications/STM32CubeIDE.app/Contents/Eclipse/plugins/com.st.stm32cube.ide.mcu.externaltools.gnu-tools-for-stm32.13.3.rel1.macos64_1.0.0.202411102158/tools/bin/../lib/gcc/arm-none-eabi/13.3.1/../../../../arm-none-eabi/lib/thumb/v7e-m+fp/hard/libc_nano.a(libc_a-snprintf.o)
                0x0800fa4c                snprintf
                0x0800fa4c                sniprintf
 .text.std      0x0800fab8       0x6c /Applications/STM32CubeIDE.app/Contents/Eclipse/plugins/com.st.stm32cube.ide.mcu.externaltools.gnu-tools-for-stm32.13.3.rel1.macos64_1.0.0.202411102158/tools/bin/../lib/gcc/arm-none-eabi/13.3.1/../../../../arm-none-eabi/lib/thumb/v7e-m+fp/hard/libc_nano.a(libc_a-findfp.o)
 .text.stdio_exit_handler
                0x0800fb24       0x18 /Applications/STM32CubeIDE.app/Contents/Eclipse/plugins/com.st.stm32cube.ide.mcu.externaltools.gnu-tools-for-stm32.13.3.rel1.macos64_1.0.0.202411102158/tools/bin/../lib/gcc/arm-none-eabi/13.3.1/../../../../arm-none-eabi/lib/thumb/v7e-m+fp/hard/libc_nano.a(libc_a-findfp.o)
 .text.cleanup_stdio
                0x0800fb3c       0x40 /Applications/STM32CubeIDE.app/Contents/Eclipse/plugins/com.st.stm32cube.ide.mcu.externaltools.gnu-tools-for-stm32.13.3.rel1.macos64_1.0.0.202411102158/tools/bin/../lib/gcc/arm-none-eabi/13.3.1/../../../../arm-none-eabi/lib/thumb/v7e-m+fp/hard/libc_nano.a(libc_a-findfp.o)
 .text.global_stdio_init.part.0
                0x0800fb7c       0x3c /Applications/STM32CubeIDE.app/Contents/Eclipse/plugins/com.st.stm32cube.ide.mcu.externaltools.gnu-tools-for-stm32.13.3.rel1.macos64_1.0.0.202411102158/tools/bin/../lib/gcc/arm-none-eabi/13.3.1/../../../../arm-none-eabi/lib/thumb/v7e-m+fp/hard/libc_nano.a(libc_a-findfp.o)
 .text.__sfp_lock_acquire
                0x0800fbb8        0xc /Applications/STM32CubeIDE.app/Contents/Eclipse/plugins/com.st.stm32cube.ide.mcu.externaltools.gnu-tools-for-stm32.13.3.rel1.macos64_1.0.0.202411102158/tools/bin/../lib/gcc/arm-none-eabi/13.3.1/../../../../arm-none-eabi/lib/thumb/v7e-m+fp/hard/libc_nano.a(libc_a-findfp.o)
                0x0800fbb8                __sfp_lock_acquire
 .text.__sfp_lock_release
                0x0800fbc4        0xc /Applications/STM32CubeIDE.app/Contents/Eclipse/plugins/com.st.stm32cube.ide.mcu.externaltools.gnu-tools-for-stm32.13.3.rel1.macos64_1.0.0.202411102158/tools/bin/../lib/gcc/arm-none-eabi/13.3.1/../../../../arm-none-eabi/lib/thumb/v7e-m+fp/hard/libc_nano.a(libc_a-findfp.o)
                0x0800fbc4                __sfp_lock_release
 .text.__sinit  0x0800fbd0       0x30 /Applications/STM32CubeIDE.app/Contents/Eclipse/plugins/com.st.stm32cube.ide.mcu.externaltools.gnu-tools-for-stm32.13.3.rel1.macos64_1.0.0.202411102158/tools/bin/../lib/gcc/arm-none-eabi/13.3.1/../../../../arm-none-eabi/lib/thumb/v7e-m+fp/hard/libc_nano.a(libc_a-findfp.o)
                0x0800fbd0                __sinit
 .text._vsnprintf_r
                0x0800fc00       0x5c /Applications/STM32CubeIDE.app/Contents/Eclipse/plugins/com.st.stm32cube.ide.mcu.externaltools.gnu-tools-for-stm32.13.3.rel1.macos64_1.0.0.202411102158/tools/bin/../lib/gcc/arm-none-eabi/13.3.1/../../../../arm-none-eabi/lib/thumb/v7e-m+fp/hard/libc_nano.a(libc_a-vsnprintf.o)
                0x0800fc00                _vsnprintf_r
                0x0800fc00                _vsniprintf_r
 .text.vsnprintf
                0x0800fc5c       0x1c /Applications/STM32CubeIDE.app/Contents/Eclipse/plugins/com.st.stm32cube.ide.mcu.externaltools.gnu-tools-for-stm32.13.3.rel1.macos64_1.0.0.202411102158/tools/bin/../lib/gcc/arm-none-eabi/13.3.1/../../../../arm-none-eabi/lib/thumb/v7e-m+fp/hard/libc_nano.a(libc_a-vsnprintf.o)
                0x0800fc5c                vsnprintf
                0x0800fc5c                vsniprintf
 .text._fwalk_sglue
                0x0800fc78       0x3c /Applications/STM32CubeIDE.app/Contents/Eclipse/plugins/com.st.stm32cube.ide.mcu.externaltools.gnu-tools-for-stm32.13.3.rel1.macos64_1.0.0.202411102158/tools/bin/../lib/gcc/arm-none-eabi/13.3.1/../../../../arm-none-eabi/lib/thumb/v7e-m+fp/hard/libc_nano.a(libc_a-fwalk.o)
                0x0800fc78                _fwalk_sglue
 .text.printf   0x0800fcb4       0x24 /Applications/STM32CubeIDE.app/Contents/Eclipse/plugins/com.st.stm32cube.ide.mcu.externaltools.gnu-tools-for-stm32.13.3.rel1.macos64_1.0.0.202411102158/tools/bin/../lib/gcc/arm-none-eabi/13.3.1/../../../../arm-none-eabi/lib/thumb/v7e-m+fp/hard/libc_nano.a(libc_a-printf.o)
                0x0800fcb4                printf
                0x0800fcb4                iprintf
 .text._puts_r  0x0800fcd8       0xaa /Applications/STM32CubeIDE.app/Contents/Eclipse/plugins/com.st.stm32cube.ide.mcu.externaltools.gnu-tools-for-stm32.13.3.rel1.macos64_1.0.0.202411102158/tools/bin/../lib/gcc/arm-none-eabi/13.3.1/../../../../arm-none-eabi/lib/thumb/v7e-m+fp/hard/libc_nano.a(libc_a-puts.o)
                0x0800fcd8                _puts_r
 *fill*         0x0800fd82        0x2 
 .text.puts     0x0800fd84       0x10 /Applications/STM32CubeIDE.app/Contents/Eclipse/plugins/com.st.stm32cube.ide.mcu.externaltools.gnu-tools-for-stm32.13.3.rel1.macos64_1.0.0.202411102158/tools/bin/../lib/gcc/arm-none-eabi/13.3.1/../../../../arm-none-eabi/lib/thumb/v7e-m+fp/hard/libc_nano.a(libc_a-puts.o)
                0x0800fd84                puts
 .text.memset   0x0800fd94       0x10 /Applications/STM32CubeIDE.app/Contents/Eclipse/plugins/com.st.stm32cube.ide.mcu.externaltools.gnu-tools-for-stm32.13.3.rel1.macos64_1.0.0.202411102158/tools/bin/../lib/gcc/arm-none-eabi/13.3.1/../../../../arm-none-eabi/lib/thumb/v7e-m+fp/hard/libc_nano.a(libc_a-memset.o)
                0x0800fd94                memset
 .text.__errno  0x0800fda4        0xc /Applications/STM32CubeIDE.app/Contents/Eclipse/plugins/com.st.stm32cube.ide.mcu.externaltools.gnu-tools-for-stm32.13.3.rel1.macos64_1.0.0.202411102158/tools/bin/../lib/gcc/arm-none-eabi/13.3.1/../../../../arm-none-eabi/lib/thumb/v7e-m+fp/hard/libc_nano.a(libc_a-errno.o)
                0x0800fda4                __errno
 .text.__libc_init_array
                0x0800fdb0       0x48 /Applications/STM32CubeIDE.app/Contents/Eclipse/plugins/com.st.stm32cube.ide.mcu.externaltools.gnu-tools-for-stm32.13.3.rel1.macos64_1.0.0.202411102158/tools/bin/../lib/gcc/arm-none-eabi/13.3.1/../../../../arm-none-eabi/lib/thumb/v7e-m+fp/hard/libc_nano.a(libc_a-init.o)
                0x0800fdb0                __libc_init_array
 .text.__retarget_lock_init_recursive
                0x0800fdf8        0x2 /Applications/STM32CubeIDE.app/Contents/Eclipse/plugins/com.st.stm32cube.ide.mcu.externaltools.gnu-tools-for-stm32.13.3.rel1.macos64_1.0.0.202411102158/tools/bin/../lib/gcc/arm-none-eabi/13.3.1/../../../../arm-none-eabi/lib/thumb/v7e-m+fp/hard/libc_nano.a(libc_a-lock.o)
                0x0800fdf8                __retarget_lock_init_recursive
 .text.__retarget_lock_acquire_recursive
                0x0800fdfa        0x2 /Applications/STM32CubeIDE.app/Contents/Eclipse/plugins/com.st.stm32cube.ide.mcu.externaltools.gnu-tools-for-stm32.13.3.rel1.macos64_1.0.0.202411102158/tools/bin/../lib/gcc/arm-none-eabi/13.3.1/../../../../arm-none-eabi/lib/thumb/v7e-m+fp/hard/libc_nano.a(libc_a-lock.o)
                0x0800fdfa                __retarget_lock_acquire_recursive
 .text.__retarget_lock_release_recursive
                0x0800fdfc        0x2 /Applications/STM32CubeIDE.app/Contents/Eclipse/plugins/com.st.stm32cube.ide.mcu.externaltools.gnu-tools-for-stm32.13.3.rel1.macos64_1.0.0.202411102158/tools/bin/../lib/gcc/arm-none-eabi/13.3.1/../../../../arm-none-eabi/lib/thumb/v7e-m+fp/hard/libc_nano.a(libc_a-lock.o)
                0x0800fdfc                __retarget_lock_release_recursive
 *fill*         0x0800fdfe        0x2 
 .text._localeconv_r
                0x0800fe00        0x8 /Applications/STM32CubeIDE.app/Contents/Eclipse/plugins/com.st.stm32cube.ide.mcu.externaltools.gnu-tools-for-stm32.13.3.rel1.macos64_1.0.0.202411102158/tools/bin/../lib/gcc/arm-none-eabi/13.3.1/../../../../arm-none-eabi/lib/thumb/v7e-m+fp/hard/libc_nano.a(libc_a-localeconv.o)
                0x0800fe00                _localeconv_r
 .text.quorem   0x0800fe08      0x110 /Applications/STM32CubeIDE.app/Contents/Eclipse/plugins/com.st.stm32cube.ide.mcu.externaltools.gnu-tools-for-stm32.13.3.rel1.macos64_1.0.0.202411102158/tools/bin/../lib/gcc/arm-none-eabi/13.3.1/../../../../arm-none-eabi/lib/thumb/v7e-m+fp/hard/libc_nano.a(libc_a-dtoa.o)
 .text._dtoa_r  0x0800ff18      0xba0 /Applications/STM32CubeIDE.app/Contents/Eclipse/plugins/com.st.stm32cube.ide.mcu.externaltools.gnu-tools-for-stm32.13.3.rel1.macos64_1.0.0.202411102158/tools/bin/../lib/gcc/arm-none-eabi/13.3.1/../../../../arm-none-eabi/lib/thumb/v7e-m+fp/hard/libc_nano.a(libc_a-dtoa.o)
                0x0800ff18                _dtoa_r
 .text.__ssputs_r
                0x08010ab8       0xb6 /Applications/STM32CubeIDE.app/Contents/Eclipse/plugins/com.st.stm32cube.ide.mcu.externaltools.gnu-tools-for-stm32.13.3.rel1.macos64_1.0.0.202411102158/tools/bin/../lib/gcc/arm-none-eabi/13.3.1/../../../../arm-none-eabi/lib/thumb/v7e-m+fp/hard/libc_nano.a(libc_a-nano-svfprintf.o)
                0x08010ab8                __ssputs_r
 *fill*         0x08010b6e        0x2 
 .text._svfprintf_r
                0x08010b70      0x1f8 /Applications/STM32CubeIDE.app/Contents/Eclipse/plugins/com.st.stm32cube.ide.mcu.externaltools.gnu-tools-for-stm32.13.3.rel1.macos64_1.0.0.202411102158/tools/bin/../lib/gcc/arm-none-eabi/13.3.1/../../../../arm-none-eabi/lib/thumb/v7e-m+fp/hard/libc_nano.a(libc_a-nano-svfprintf.o)
                0x08010b70                _svfprintf_r
                0x08010b70                _svfiprintf_r
 .text.__sfputc_r
                0x08010d68       0x2e /Applications/STM32CubeIDE.app/Contents/Eclipse/plugins/com.st.stm32cube.ide.mcu.externaltools.gnu-tools-for-stm32.13.3.rel1.macos64_1.0.0.202411102158/tools/bin/../lib/gcc/arm-none-eabi/13.3.1/../../../../arm-none-eabi/lib/thumb/v7e-m+fp/hard/libc_nano.a(libc_a-nano-vfprintf.o)
 .text.__sfputs_r
                0x08010d96       0x24 /Applications/STM32CubeIDE.app/Contents/Eclipse/plugins/com.st.stm32cube.ide.mcu.externaltools.gnu-tools-for-stm32.13.3.rel1.macos64_1.0.0.202411102158/tools/bin/../lib/gcc/arm-none-eabi/13.3.1/../../../../arm-none-eabi/lib/thumb/v7e-m+fp/hard/libc_nano.a(libc_a-nano-vfprintf.o)
                0x08010d96                __sfputs_r
 *fill*         0x08010dba        0x2 
 .text._vfprintf_r
                0x08010dbc      0x230 /Applications/STM32CubeIDE.app/Contents/Eclipse/plugins/com.st.stm32cube.ide.mcu.externaltools.gnu-tools-for-stm32.13.3.rel1.macos64_1.0.0.202411102158/tools/bin/../lib/gcc/arm-none-eabi/13.3.1/../../../../arm-none-eabi/lib/thumb/v7e-m+fp/hard/libc_nano.a(libc_a-nano-vfprintf.o)
                0x08010dbc                _vfiprintf_r
                0x08010dbc                _vfprintf_r
 .text.malloc   0x08010fec       0x10 /Applications/STM32CubeIDE.app/Contents/Eclipse/plugins/com.st.stm32cube.ide.mcu.externaltools.gnu-tools-for-stm32.13.3.rel1.macos64_1.0.0.202411102158/tools/bin/../lib/gcc/arm-none-eabi/13.3.1/../../../../arm-none-eabi/lib/thumb/v7e-m+fp/hard/libc_nano.a(libc_a-malloc.o)
                0x08010fec                malloc
 .text.sbrk_aligned
                0x08010ffc       0x44 /Applications/STM32CubeIDE.app/Contents/Eclipse/plugins/com.st.stm32cube.ide.mcu.externaltools.gnu-tools-for-stm32.13.3.rel1.macos64_1.0.0.202411102158/tools/bin/../lib/gcc/arm-none-eabi/13.3.1/../../../../arm-none-eabi/lib/thumb/v7e-m+fp/hard/libc_nano.a(libc_a-mallocr.o)
 .text._malloc_r
                0x08011040      0x100 /Applications/STM32CubeIDE.app/Contents/Eclipse/plugins/com.st.stm32cube.ide.mcu.externaltools.gnu-tools-for-stm32.13.3.rel1.macos64_1.0.0.202411102158/tools/bin/../lib/gcc/arm-none-eabi/13.3.1/../../../../arm-none-eabi/lib/thumb/v7e-m+fp/hard/libc_nano.a(libc_a-mallocr.o)
                0x08011040                _malloc_r
 .text.__sflush_r
                0x08011140      0x108 /Applications/STM32CubeIDE.app/Contents/Eclipse/plugins/com.st.stm32cube.ide.mcu.externaltools.gnu-tools-for-stm32.13.3.rel1.macos64_1.0.0.202411102158/tools/bin/../lib/gcc/arm-none-eabi/13.3.1/../../../../arm-none-eabi/lib/thumb/v7e-m+fp/hard/libc_nano.a(libc_a-fflush.o)
                0x08011140                __sflush_r
 .text._fflush_r
                0x08011248       0x50 /Applications/STM32CubeIDE.app/Contents/Eclipse/plugins/com.st.stm32cube.ide.mcu.externaltools.gnu-tools-for-stm32.13.3.rel1.macos64_1.0.0.202411102158/tools/bin/../lib/gcc/arm-none-eabi/13.3.1/../../../../arm-none-eabi/lib/thumb/v7e-m+fp/hard/libc_nano.a(libc_a-fflush.o)
                0x08011248                _fflush_r
 .text.__malloc_lock
                0x08011298        0xc /Applications/STM32CubeIDE.app/Contents/Eclipse/plugins/com.st.stm32cube.ide.mcu.externaltools.gnu-tools-for-stm32.13.3.rel1.macos64_1.0.0.202411102158/tools/bin/../lib/gcc/arm-none-eabi/13.3.1/../../../../arm-none-eabi/lib/thumb/v7e-m+fp/hard/libc_nano.a(libc_a-mlock.o)
                0x08011298                __malloc_lock
 .text.__malloc_unlock
                0x080112a4        0xc /Applications/STM32CubeIDE.app/Contents/Eclipse/plugins/com.st.stm32cube.ide.mcu.externaltools.gnu-tools-for-stm32.13.3.rel1.macos64_1.0.0.202411102158/tools/bin/../lib/gcc/arm-none-eabi/13.3.1/../../../../arm-none-eabi/lib/thumb/v7e-m+fp/hard/libc_nano.a(libc_a-mlock.o)
                0x080112a4                __malloc_unlock
 .text._Balloc  0x080112b0       0x80 /Applications/STM32CubeIDE.app/Contents/Eclipse/plugins/com.st.stm32cube.ide.mcu.externaltools.gnu-tools-for-stm32.13.3.rel1.macos64_1.0.0.202411102158/tools/bin/../lib/gcc/arm-none-eabi/13.3.1/../../../../arm-none-eabi/lib/thumb/v7e-m+fp/hard/libc_nano.a(libc_a-mprec.o)
                0x080112b0                _Balloc
 .text._Bfree   0x08011330       0x44 /Applications/STM32CubeIDE.app/Contents/Eclipse/plugins/com.st.stm32cube.ide.mcu.externaltools.gnu-tools-for-stm32.13.3.rel1.macos64_1.0.0.202411102158/tools/bin/../lib/gcc/arm-none-eabi/13.3.1/../../../../arm-none-eabi/lib/thumb/v7e-m+fp/hard/libc_nano.a(libc_a-mprec.o)
                0x08011330                _Bfree
 .text.__multadd
                0x08011374       0x8c /Applications/STM32CubeIDE.app/Contents/Eclipse/plugins/com.st.stm32cube.ide.mcu.externaltools.gnu-tools-for-stm32.13.3.rel1.macos64_1.0.0.202411102158/tools/bin/../lib/gcc/arm-none-eabi/13.3.1/../../../../arm-none-eabi/lib/thumb/v7e-m+fp/hard/libc_nano.a(libc_a-mprec.o)
                0x08011374                __multadd
 .text.__hi0bits
                0x08011400       0x3e /Applications/STM32CubeIDE.app/Contents/Eclipse/plugins/com.st.stm32cube.ide.mcu.externaltools.gnu-tools-for-stm32.13.3.rel1.macos64_1.0.0.202411102158/tools/bin/../lib/gcc/arm-none-eabi/13.3.1/../../../../arm-none-eabi/lib/thumb/v7e-m+fp/hard/libc_nano.a(libc_a-mprec.o)
                0x08011400                __hi0bits
 .text.__lo0bits
                0x0801143e       0x5a /Applications/STM32CubeIDE.app/Contents/Eclipse/plugins/com.st.stm32cube.ide.mcu.externaltools.gnu-tools-for-stm32.13.3.rel1.macos64_1.0.0.202411102158/tools/bin/../lib/gcc/arm-none-eabi/13.3.1/../../../../arm-none-eabi/lib/thumb/v7e-m+fp/hard/libc_nano.a(libc_a-mprec.o)
                0x0801143e                __lo0bits
 .text.__i2b    0x08011498       0x2c /Applications/STM32CubeIDE.app/Contents/Eclipse/plugins/com.st.stm32cube.ide.mcu.externaltools.gnu-tools-for-stm32.13.3.rel1.macos64_1.0.0.202411102158/tools/bin/../lib/gcc/arm-none-eabi/13.3.1/../../../../arm-none-eabi/lib/thumb/v7e-m+fp/hard/libc_nano.a(libc_a-mprec.o)
                0x08011498                __i2b
 .text.__multiply
                0x080114c4      0x144 /Applications/STM32CubeIDE.app/Contents/Eclipse/plugins/com.st.stm32cube.ide.mcu.externaltools.gnu-tools-for-stm32.13.3.rel1.macos64_1.0.0.202411102158/tools/bin/../lib/gcc/arm-none-eabi/13.3.1/../../../../arm-none-eabi/lib/thumb/v7e-m+fp/hard/libc_nano.a(libc_a-mprec.o)
                0x080114c4                __multiply
 .text.__pow5mult
                0x08011608       0xb4 /Applications/STM32CubeIDE.app/Contents/Eclipse/plugins/com.st.stm32cube.ide.mcu.externaltools.gnu-tools-for-stm32.13.3.rel1.macos64_1.0.0.202411102158/tools/bin/../lib/gcc/arm-none-eabi/13.3.1/../../../../arm-none-eabi/lib/thumb/v7e-m+fp/hard/libc_nano.a(libc_a-mprec.o)
                0x08011608                __pow5mult
 .text.__lshift
                0x080116bc       0xd8 /Applications/STM32CubeIDE.app/Contents/Eclipse/plugins/com.st.stm32cube.ide.mcu.externaltools.gnu-tools-for-stm32.13.3.rel1.macos64_1.0.0.202411102158/tools/bin/../lib/gcc/arm-none-eabi/13.3.1/../../../../arm-none-eabi/lib/thumb/v7e-m+fp/hard/libc_nano.a(libc_a-mprec.o)
                0x080116bc                __lshift
 .text.__mcmp   0x08011794       0x36 /Applications/STM32CubeIDE.app/Contents/Eclipse/plugins/com.st.stm32cube.ide.mcu.externaltools.gnu-tools-for-stm32.13.3.rel1.macos64_1.0.0.202411102158/tools/bin/../lib/gcc/arm-none-eabi/13.3.1/../../../../arm-none-eabi/lib/thumb/v7e-m+fp/hard/libc_nano.a(libc_a-mprec.o)
                0x08011794                __mcmp
 *fill*         0x080117ca        0x2 
 .text.__mdiff  0x080117cc      0x128 /Applications/STM32CubeIDE.app/Contents/Eclipse/plugins/com.st.stm32cube.ide.mcu.externaltools.gnu-tools-for-stm32.13.3.rel1.macos64_1.0.0.202411102158/tools/bin/../lib/gcc/arm-none-eabi/13.3.1/../../../../arm-none-eabi/lib/thumb/v7e-m+fp/hard/libc_nano.a(libc_a-mprec.o)
                0x080117cc                __mdiff
 .text.__d2b    0x080118f4       0xb0 /Applications/STM32CubeIDE.app/Contents/Eclipse/plugins/com.st.stm32cube.ide.mcu.externaltools.gnu-tools-for-stm32.13.3.rel1.macos64_1.0.0.202411102158/tools/bin/../lib/gcc/arm-none-eabi/13.3.1/../../../../arm-none-eabi/lib/thumb/v7e-m+fp/hard/libc_nano.a(libc_a-mprec.o)
                0x080118f4                __d2b
 .text.__sread  0x080119a4       0x22 /Applications/STM32CubeIDE.app/Contents/Eclipse/plugins/com.st.stm32cube.ide.mcu.externaltools.gnu-tools-for-stm32.13.3.rel1.macos64_1.0.0.202411102158/tools/bin/../lib/gcc/arm-none-eabi/13.3.1/../../../../arm-none-eabi/lib/thumb/v7e-m+fp/hard/libc_nano.a(libc_a-stdio.o)
                0x080119a4                __sread
 .text.__swrite
                0x080119c6       0x38 /Applications/STM32CubeIDE.app/Contents/Eclipse/plugins/com.st.stm32cube.ide.mcu.externaltools.gnu-tools-for-stm32.13.3.rel1.macos64_1.0.0.202411102158/tools/bin/../lib/gcc/arm-none-eabi/13.3.1/../../../../arm-none-eabi/lib/thumb/v7e-m+fp/hard/libc_nano.a(libc_a-stdio.o)
                0x080119c6                __swrite
 .text.__sseek  0x080119fe       0x24 /Applications/STM32CubeIDE.app/Contents/Eclipse/plugins/com.st.stm32cube.ide.mcu.externaltools.gnu-tools-for-stm32.13.3.rel1.macos64_1.0.0.202411102158/tools/bin/../lib/gcc/arm-none-eabi/13.3.1/../../../../arm-none-eabi/lib/thumb/v7e-m+fp/hard/libc_nano.a(libc_a-stdio.o)
                0x080119fe                __sseek
 .text.__sclose
                0x08011a22        0x8 /Applications/STM32CubeIDE.app/Contents/Eclipse/plugins/com.st.stm32cube.ide.mcu.externaltools.gnu-tools-for-stm32.13.3.rel1.macos64_1.0.0.202411102158/tools/bin/../lib/gcc/arm-none-eabi/13.3.1/../../../../arm-none-eabi/lib/thumb/v7e-m+fp/hard/libc_nano.a(libc_a-stdio.o)
                0x08011a22                __sclose
 .text._realloc_r
                0x08011a2a       0x5c /Applications/STM32CubeIDE.app/Contents/Eclipse/plugins/com.st.stm32cube.ide.mcu.externaltools.gnu-tools-for-stm32.13.3.rel1.macos64_1.0.0.202411102158/tools/bin/../lib/gcc/arm-none-eabi/13.3.1/../../../../arm-none-eabi/lib/thumb/v7e-m+fp/hard/libc_nano.a(libc_a-reallocr.o)
                0x08011a2a                _realloc_r
 .text.__swbuf_r
                0x08011a86       0x7c /Applications/STM32CubeIDE.app/Contents/Eclipse/plugins/com.st.stm32cube.ide.mcu.externaltools.gnu-tools-for-stm32.13.3.rel1.macos64_1.0.0.202411102158/tools/bin/../lib/gcc/arm-none-eabi/13.3.1/../../../../arm-none-eabi/lib/thumb/v7e-m+fp/hard/libc_nano.a(libc_a-wbuf.o)
                0x08011a86                __swbuf_r
 *fill*         0x08011b02        0x2 
 .text.__swsetup_r
                0x08011b04       0xac /Applications/STM32CubeIDE.app/Contents/Eclipse/plugins/com.st.stm32cube.ide.mcu.externaltools.gnu-tools-for-stm32.13.3.rel1.macos64_1.0.0.202411102158/tools/bin/../lib/gcc/arm-none-eabi/13.3.1/../../../../arm-none-eabi/lib/thumb/v7e-m+fp/hard/libc_nano.a(libc_a-wsetup.o)
                0x08011b04                __swsetup_r
 .text.__swhatbuf_r
                0x08011bb0       0x4c /Applications/STM32CubeIDE.app/Contents/Eclipse/plugins/com.st.stm32cube.ide.mcu.externaltools.gnu-tools-for-stm32.13.3.rel1.macos64_1.0.0.202411102158/tools/bin/../lib/gcc/arm-none-eabi/13.3.1/../../../../arm-none-eabi/lib/thumb/v7e-m+fp/hard/libc_nano.a(libc_a-makebuf.o)
                0x08011bb0                __swhatbuf_r
 .text.__smakebuf_r
                0x08011bfc       0x78 /Applications/STM32CubeIDE.app/Contents/Eclipse/plugins/com.st.stm32cube.ide.mcu.externaltools.gnu-tools-for-stm32.13.3.rel1.macos64_1.0.0.202411102158/tools/bin/../lib/gcc/arm-none-eabi/13.3.1/../../../../arm-none-eabi/lib/thumb/v7e-m+fp/hard/libc_nano.a(libc_a-makebuf.o)
                0x08011bfc                __smakebuf_r
 .text.memmove  0x08011c74       0x34 /Applications/STM32CubeIDE.app/Contents/Eclipse/plugins/com.st.stm32cube.ide.mcu.externaltools.gnu-tools-for-stm32.13.3.rel1.macos64_1.0.0.202411102158/tools/bin/../lib/gcc/arm-none-eabi/13.3.1/../../../../arm-none-eabi/lib/thumb/v7e-m+fp/hard/libc_nano.a(libc_a-memmove.o)
                0x08011c74                memmove
 .text._isatty_r
                0x08011ca8       0x20 /Applications/STM32CubeIDE.app/Contents/Eclipse/plugins/com.st.stm32cube.ide.mcu.externaltools.gnu-tools-for-stm32.13.3.rel1.macos64_1.0.0.202411102158/tools/bin/../lib/gcc/arm-none-eabi/13.3.1/../../../../arm-none-eabi/lib/thumb/v7e-m+fp/hard/libc_nano.a(libc_a-isattyr.o)
                0x08011ca8                _isatty_r
 .text._lseek_r
                0x08011cc8       0x24 /Applications/STM32CubeIDE.app/Contents/Eclipse/plugins/com.st.stm32cube.ide.mcu.externaltools.gnu-tools-for-stm32.13.3.rel1.macos64_1.0.0.202411102158/tools/bin/../lib/gcc/arm-none-eabi/13.3.1/../../../../arm-none-eabi/lib/thumb/v7e-m+fp/hard/libc_nano.a(libc_a-lseekr.o)
                0x08011cc8                _lseek_r
 .text._read_r  0x08011cec       0x24 /Applications/STM32CubeIDE.app/Contents/Eclipse/plugins/com.st.stm32cube.ide.mcu.externaltools.gnu-tools-for-stm32.13.3.rel1.macos64_1.0.0.202411102158/tools/bin/../lib/gcc/arm-none-eabi/13.3.1/../../../../arm-none-eabi/lib/thumb/v7e-m+fp/hard/libc_nano.a(libc_a-readr.o)
                0x08011cec                _read_r
 .text._sbrk_r  0x08011d10       0x20 /Applications/STM32CubeIDE.app/Contents/Eclipse/plugins/com.st.stm32cube.ide.mcu.externaltools.gnu-tools-for-stm32.13.3.rel1.macos64_1.0.0.202411102158/tools/bin/../lib/gcc/arm-none-eabi/13.3.1/../../../../arm-none-eabi/lib/thumb/v7e-m+fp/hard/libc_nano.a(libc_a-sbrkr.o)
                0x08011d10                _sbrk_r
 .text._write_r
                0x08011d30       0x24 /Applications/STM32CubeIDE.app/Contents/Eclipse/plugins/com.st.stm32cube.ide.mcu.externaltools.gnu-tools-for-stm32.13.3.rel1.macos64_1.0.0.202411102158/tools/bin/../lib/gcc/arm-none-eabi/13.3.1/../../../../arm-none-eabi/lib/thumb/v7e-m+fp/hard/libc_nano.a(libc_a-writer.o)
                0x08011d30                _write_r
 .text._close_r
                0x08011d54       0x20 /Applications/STM32CubeIDE.app/Contents/Eclipse/plugins/com.st.stm32cube.ide.mcu.externaltools.gnu-tools-for-stm32.13.3.rel1.macos64_1.0.0.202411102158/tools/bin/../lib/gcc/arm-none-eabi/13.3.1/../../../../arm-none-eabi/lib/thumb/v7e-m+fp/hard/libc_nano.a(libc_a-closer.o)
                0x08011d54                _close_r
 .text._fstat_r
                0x08011d74       0x24 /Applications/STM32CubeIDE.app/Contents/Eclipse/plugins/com.st.stm32cube.ide.mcu.externaltools.gnu-tools-for-stm32.13.3.rel1.macos64_1.0.0.202411102158/tools/bin/../lib/gcc/arm-none-eabi/13.3.1/../../../../arm-none-eabi/lib/thumb/v7e-m+fp/hard/libc_nano.a(libc_a-fstatr.o)
                0x08011d74                _fstat_r
 .text.memcpy   0x08011d98       0x1c /Applications/STM32CubeIDE.app/Contents/Eclipse/plugins/com.st.stm32cube.ide.mcu.externaltools.gnu-tools-for-stm32.13.3.rel1.macos64_1.0.0.202411102158/tools/bin/../lib/gcc/arm-none-eabi/13.3.1/../../../../arm-none-eabi/lib/thumb/v7e-m+fp/hard/libc_nano.a(libc_a-memcpy-stub.o)
                0x08011d98                memcpy
 .text.__assert_func
                0x08011db4       0x3c /Applications/STM32CubeIDE.app/Contents/Eclipse/plugins/com.st.stm32cube.ide.mcu.externaltools.gnu-tools-for-stm32.13.3.rel1.macos64_1.0.0.202411102158/tools/bin/../lib/gcc/arm-none-eabi/13.3.1/../../../../arm-none-eabi/lib/thumb/v7e-m+fp/hard/libc_nano.a(libc_a-assert.o)
                0x08011db4                __assert_func
 .text._calloc_r
                0x08011df0       0x28 /Applications/STM32CubeIDE.app/Contents/Eclipse/plugins/com.st.stm32cube.ide.mcu.externaltools.gnu-tools-for-stm32.13.3.rel1.macos64_1.0.0.202411102158/tools/bin/../lib/gcc/arm-none-eabi/13.3.1/../../../../arm-none-eabi/lib/thumb/v7e-m+fp/hard/libc_nano.a(libc_a-callocr.o)
                0x08011df0                _calloc_r
 .text._free_r  0x08011e18       0x94 /Applications/STM32CubeIDE.app/Contents/Eclipse/plugins/com.st.stm32cube.ide.mcu.externaltools.gnu-tools-for-stm32.13.3.rel1.macos64_1.0.0.202411102158/tools/bin/../lib/gcc/arm-none-eabi/13.3.1/../../../../arm-none-eabi/lib/thumb/v7e-m+fp/hard/libc_nano.a(libc_a-freer.o)
                0x08011e18                _free_r
 .text.__ascii_mbtowc
                0x08011eac       0x24 /Applications/STM32CubeIDE.app/Contents/Eclipse/plugins/com.st.stm32cube.ide.mcu.externaltools.gnu-tools-for-stm32.13.3.rel1.macos64_1.0.0.202411102158/tools/bin/../lib/gcc/arm-none-eabi/13.3.1/../../../../arm-none-eabi/lib/thumb/v7e-m+fp/hard/libc_nano.a(libc_a-mbtowc_r.o)
                0x08011eac                __ascii_mbtowc
 .text._malloc_usable_size_r
                0x08011ed0       0x10 /Applications/STM32CubeIDE.app/Contents/Eclipse/plugins/com.st.stm32cube.ide.mcu.externaltools.gnu-tools-for-stm32.13.3.rel1.macos64_1.0.0.202411102158/tools/bin/../lib/gcc/arm-none-eabi/13.3.1/../../../../arm-none-eabi/lib/thumb/v7e-m+fp/hard/libc_nano.a(libc_a-msizer.o)
                0x08011ed0                _malloc_usable_size_r
 .text.fprintf  0x08011ee0       0x24 /Applications/STM32CubeIDE.app/Contents/Eclipse/plugins/com.st.stm32cube.ide.mcu.externaltools.gnu-tools-for-stm32.13.3.rel1.macos64_1.0.0.202411102158/tools/bin/../lib/gcc/arm-none-eabi/13.3.1/../../../../arm-none-eabi/lib/thumb/v7e-m+fp/hard/libc_nano.a(libc_a-fprintf.o)
                0x08011ee0                fprintf
                0x08011ee0                fiprintf
 .text.__ascii_wctomb
                0x08011f04       0x1a /Applications/STM32CubeIDE.app/Contents/Eclipse/plugins/com.st.stm32cube.ide.mcu.externaltools.gnu-tools-for-stm32.13.3.rel1.macos64_1.0.0.202411102158/tools/bin/../lib/gcc/arm-none-eabi/13.3.1/../../../../arm-none-eabi/lib/thumb/v7e-m+fp/hard/libc_nano.a(libc_a-wctomb_r.o)
                0x08011f04                __ascii_wctomb
 .text.abort    0x08011f1e        0xe /Applications/STM32CubeIDE.app/Contents/Eclipse/plugins/com.st.stm32cube.ide.mcu.externaltools.gnu-tools-for-stm32.13.3.rel1.macos64_1.0.0.202411102158/tools/bin/../lib/gcc/arm-none-eabi/13.3.1/../../../../arm-none-eabi/lib/thumb/v7e-m+fp/hard/libc_nano.a(libc_a-abort.o)
                0x08011f1e                abort
 .text._raise_r
                0x08011f2c       0x50 /Applications/STM32CubeIDE.app/Contents/Eclipse/plugins/com.st.stm32cube.ide.mcu.externaltools.gnu-tools-for-stm32.13.3.rel1.macos64_1.0.0.202411102158/tools/bin/../lib/gcc/arm-none-eabi/13.3.1/../../../../arm-none-eabi/lib/thumb/v7e-m+fp/hard/libc_nano.a(libc_a-signal.o)
                0x08011f2c                _raise_r
 .text.raise    0x08011f7c       0x10 /Applications/STM32CubeIDE.app/Contents/Eclipse/plugins/com.st.stm32cube.ide.mcu.externaltools.gnu-tools-for-stm32.13.3.rel1.macos64_1.0.0.202411102158/tools/bin/../lib/gcc/arm-none-eabi/13.3.1/../../../../arm-none-eabi/lib/thumb/v7e-m+fp/hard/libc_nano.a(libc_a-signal.o)
                0x08011f7c                raise
 .text._kill_r  0x08011f8c       0x24 /Applications/STM32CubeIDE.app/Contents/Eclipse/plugins/com.st.stm32cube.ide.mcu.externaltools.gnu-tools-for-stm32.13.3.rel1.macos64_1.0.0.202411102158/tools/bin/../lib/gcc/arm-none-eabi/13.3.1/../../../../arm-none-eabi/lib/thumb/v7e-m+fp/hard/libc_nano.a(libc_a-signalr.o)
                0x08011f8c                _kill_r
 .text._getpid_r
                0x08011fb0        0x4 /Applications/STM32CubeIDE.app/Contents/Eclipse/plugins/com.st.stm32cube.ide.mcu.externaltools.gnu-tools-for-stm32.13.3.rel1.macos64_1.0.0.202411102158/tools/bin/../lib/gcc/arm-none-eabi/13.3.1/../../../../arm-none-eabi/lib/thumb/v7e-m+fp/hard/libc_nano.a(libc_a-signalr.o)
                0x08011fb0                _getpid_r
 .text.pow      0x08011fb4       0xe0 /Applications/STM32CubeIDE.app/Contents/Eclipse/plugins/com.st.stm32cube.ide.mcu.externaltools.gnu-tools-for-stm32.13.3.rel1.macos64_1.0.0.202411102158/tools/bin/../lib/gcc/arm-none-eabi/13.3.1/../../../../arm-none-eabi/lib/thumb/v7e-m+fp/hard/libm.a(libm_a-w_pow.o)
                0x08011fb4                pow
 .text.finite   0x08012094       0x16 /Applications/STM32CubeIDE.app/Contents/Eclipse/plugins/com.st.stm32cube.ide.mcu.externaltools.gnu-tools-for-stm32.13.3.rel1.macos64_1.0.0.202411102158/tools/bin/../lib/gcc/arm-none-eabi/13.3.1/../../../../arm-none-eabi/lib/thumb/v7e-m+fp/hard/libm.a(libm_a-s_finite.o)
                0x08012094                finite
 *fill*         0x080120aa        0x6 
 .text.__ieee754_pow
                0x080120b0      0xa94 /Applications/STM32CubeIDE.app/Contents/Eclipse/plugins/com.st.stm32cube.ide.mcu.externaltools.gnu-tools-for-stm32.13.3.rel1.macos64_1.0.0.202411102158/tools/bin/../lib/gcc/arm-none-eabi/13.3.1/../../../../arm-none-eabi/lib/thumb/v7e-m+fp/hard/libm.a(libm_a-e_pow.o)
                0x080120b0                __ieee754_pow
 .text.with_errno
                0x08012b44       0x24 /Applications/STM32CubeIDE.app/Contents/Eclipse/plugins/com.st.stm32cube.ide.mcu.externaltools.gnu-tools-for-stm32.13.3.rel1.macos64_1.0.0.202411102158/tools/bin/../lib/gcc/arm-none-eabi/13.3.1/../../../../arm-none-eabi/lib/thumb/v7e-m+fp/hard/libm.a(libm_a-math_err.o)
 .text.xflow    0x08012b68       0x32 /Applications/STM32CubeIDE.app/Contents/Eclipse/plugins/com.st.stm32cube.ide.mcu.externaltools.gnu-tools-for-stm32.13.3.rel1.macos64_1.0.0.202411102158/tools/bin/../lib/gcc/arm-none-eabi/13.3.1/../../../../arm-none-eabi/lib/thumb/v7e-m+fp/hard/libm.a(libm_a-math_err.o)
 *fill*         0x08012b9a        0x6 
 .text.__math_uflow
                0x08012ba0       0x10 /Applications/STM32CubeIDE.app/Contents/Eclipse/plugins/com.st.stm32cube.ide.mcu.externaltools.gnu-tools-for-stm32.13.3.rel1.macos64_1.0.0.202411102158/tools/bin/../lib/gcc/arm-none-eabi/13.3.1/../../../../arm-none-eabi/lib/thumb/v7e-m+fp/hard/libm.a(libm_a-math_err.o)
                0x08012ba0                __math_uflow
 .text.__math_oflow
                0x08012bb0       0x10 /Applications/STM32CubeIDE.app/Contents/Eclipse/plugins/com.st.stm32cube.ide.mcu.externaltools.gnu-tools-for-stm32.13.3.rel1.macos64_1.0.0.202411102158/tools/bin/../lib/gcc/arm-none-eabi/13.3.1/../../../../arm-none-eabi/lib/thumb/v7e-m+fp/hard/libm.a(libm_a-math_err.o)
                0x08012bb0                __math_oflow
 .text.fabs     0x08012bc0       0x10 /Applications/STM32CubeIDE.app/Contents/Eclipse/plugins/com.st.stm32cube.ide.mcu.externaltools.gnu-tools-for-stm32.13.3.rel1.macos64_1.0.0.202411102158/tools/bin/../lib/gcc/arm-none-eabi/13.3.1/../../../../arm-none-eabi/lib/thumb/v7e-m+fp/hard/libm.a(libm_a-s_fabs.o)
                0x08012bc0                fabs
 .text.scalbn   0x08012bd0       0xf4 /Applications/STM32CubeIDE.app/Contents/Eclipse/plugins/com.st.stm32cube.ide.mcu.externaltools.gnu-tools-for-stm32.13.3.rel1.macos64_1.0.0.202411102158/tools/bin/../lib/gcc/arm-none-eabi/13.3.1/../../../../arm-none-eabi/lib/thumb/v7e-m+fp/hard/libm.a(libm_a-s_scalbn.o)
                0x08012bd0                scalbn
 .text.__ieee754_sqrt
                0x08012cc4      0x1ac /Applications/STM32CubeIDE.app/Contents/Eclipse/plugins/com.st.stm32cube.ide.mcu.externaltools.gnu-tools-for-stm32.13.3.rel1.macos64_1.0.0.202411102158/tools/bin/../lib/gcc/arm-none-eabi/13.3.1/../../../../arm-none-eabi/lib/thumb/v7e-m+fp/hard/libm.a(libm_a-e_sqrt.o)
                0x08012cc4                __ieee754_sqrt
 *(.glue_7)
 .glue_7        0x08012e70        0x0 linker stubs
 *(.glue_7t)
 .glue_7t       0x08012e70        0x0 linker stubs
 *(.eh_frame)
 .eh_frame      0x08012e70        0x0 /Applications/STM32CubeIDE.app/Contents/Eclipse/plugins/com.st.stm32cube.ide.mcu.externaltools.gnu-tools-for-stm32.13.3.rel1.macos64_1.0.0.202411102158/tools/bin/../lib/gcc/arm-none-eabi/13.3.1/thumb/v7e-m+fp/hard/crtbegin.o
 *(.init)
 .init          0x08012e70        0x4 /Applications/STM32CubeIDE.app/Contents/Eclipse/plugins/com.st.stm32cube.ide.mcu.externaltools.gnu-tools-for-stm32.13.3.rel1.macos64_1.0.0.202411102158/tools/bin/../lib/gcc/arm-none-eabi/13.3.1/thumb/v7e-m+fp/hard/crti.o
                0x08012e70                _init
 .init          0x08012e74        0x8 /Applications/STM32CubeIDE.app/Contents/Eclipse/plugins/com.st.stm32cube.ide.mcu.externaltools.gnu-tools-for-stm32.13.3.rel1.macos64_1.0.0.202411102158/tools/bin/../lib/gcc/arm-none-eabi/13.3.1/thumb/v7e-m+fp/hard/crtn.o
 *(.fini)
 .fini          0x08012e7c        0x4 /Applications/STM32CubeIDE.app/Contents/Eclipse/plugins/com.st.stm32cube.ide.mcu.externaltools.gnu-tools-for-stm32.13.3.rel1.macos64_1.0.0.202411102158/tools/bin/../lib/gcc/arm-none-eabi/13.3.1/thumb/v7e-m+fp/hard/crti.o
                0x08012e7c                _fini
 .fini          0x08012e80        0x8 /Applications/STM32CubeIDE.app/Contents/Eclipse/plugins/com.st.stm32cube.ide.mcu.externaltools.gnu-tools-for-stm32.13.3.rel1.macos64_1.0.0.202411102158/tools/bin/../lib/gcc/arm-none-eabi/13.3.1/thumb/v7e-m+fp/hard/crtn.o
                0x08012e88                        . = ALIGN (0x4)
                0x08012e88                        _etext = .

.vfp11_veneer   0x08012e88        0x0
 .vfp11_veneer  0x08012e88        0x0 linker stubs
